2025-11-08 17:32:20,773 | INFO | 🚀 Start crawling query='한국 명함', limit=1000
2025-11-08 17:32:20,773 | INFO | start crawling...
2025-11-08 17:32:20,774 | INFO | starting 1 feeder threads...
2025-11-08 17:32:20,774 | INFO | starting 1 parser threads...
2025-11-08 17:32:20,774 | INFO | starting 1 downloader threads...
2025-11-08 17:32:21,925 | INFO | parsing result page https://www.google.com/search?q=%ED%95%9C%EA%B5%AD+%EB%AA%85%ED%95%A8&ijn=0&start=0&tbs=&tbm=isch
2025-11-08 17:32:22,384 | INFO | image #1	https://m.bizprinting.co.kr/web/product/big/company/05.jpg
2025-11-08 17:32:22,935 | INFO | image #2	https://d2v80xjmx68n4w.cloudfront.net/members/portfolios/wPbiE1749104177.png
2025-11-08 17:32:24,740 | INFO | image #3	https://img.freepik.com/premium-vector/south-korea-flag-business-card-standard-size-90x50-mm-business-card-template_292608-10519.jpg
2025-11-08 17:32:24,908 | INFO | image #4	https://www.morningprint.co.kr/image/product/Premium_business_cards.jpg
2025-11-08 17:32:25,203 | INFO | image #5	https://m.mindsize.co.kr/web/product/big/202107/a9bc832b2ce1a5142daef651a8ec7abf.jpg
2025-11-08 17:32:25,229 | INFO | image #6	https://m.bizprinting.co.kr/web/product/big/company/04.jpg
2025-11-08 17:32:25,452 | INFO | image #7	https://jdesign.kr/wp-content/uploads/2022/08/sample04.jpg
2025-11-08 17:32:25,482 | INFO | image #8	https://m.mindsize.co.kr/web/product/big/202101/a3e8b26c7c308a36b0ed91bf3e3648dc.jpg
2025-11-08 17:32:25,773 | INFO | image #9	https://www.printrobo.co.kr/cdn/contents/features_p001.jpg
2025-11-08 17:32:25,912 | INFO | image #10	https://cafe24.poxo.com/ec01/niacom0803/5GslpdAnCPzGTb8GqqEZ3j9W8PbV9xVKJx7NVKrE/h4NpwmrqazOb++iMiMzfrbktxXZcg8qpLZQEBtTNSaMDQ==/_/web/product/big/20200121/4c9c6aee560bd389555aa64b533bb888.jpg
2025-11-08 17:32:26,260 | INFO | image #11	https://m.thelime.co.kr/web/product/big/201804/611_shop1_458722.jpg
2025-11-08 17:32:26,280 | INFO | image #12	https://m.mindsize.co.kr/web/product/small/202011/9a31a1c5fb6ec0143afb3dc759f74832.jpg
2025-11-08 17:32:26,632 | INFO | image #13	https://d2v80xjmx68n4w.cloudfront.net/members/portfolios/kSVbc1734504565.jpg
2025-11-08 17:32:27,113 | INFO | image #14	https://m.designc.kr/web/product/medium/202303/a2fbb0d2d8d7088ffef22d8aaeefa535.jpg
2025-11-08 17:32:27,121 | ERROR | Exception caught when downloading file https://m.%EC%82%BC%EC%9A%B0%EC%9D%B8%EC%87%84%EC%86%8C.com/web/product/big/201809/2c96e99991d13d32003822d8c9ca2780.jpg, error: HTTPSConnectionPool(host='m.%ec%82%bc%ec%9a%b0%ec%9d%b8%ec%87%84%ec%86%8c.com', port=443): Max retries exceeded with url: /web/product/big/201809/2c96e99991d13d32003822d8c9ca2780.jpg (Caused by NameResolutionError("<urllib3.connection.HTTPSConnection object at 0x7f34c410bc70>: Failed to resolve 'm.%ec%82%bc%ec%9a%b0%ec%9d%b8%ec%87%84%ec%86%8c.com' ([Errno -2] Name or service not known)")), remaining retry times: 2
2025-11-08 17:32:27,124 | ERROR | Exception caught when downloading file https://m.%EC%82%BC%EC%9A%B0%EC%9D%B8%EC%87%84%EC%86%8C.com/web/product/big/201809/2c96e99991d13d32003822d8c9ca2780.jpg, error: HTTPSConnectionPool(host='m.%ec%82%bc%ec%9a%b0%ec%9d%b8%ec%87%84%ec%86%8c.com', port=443): Max retries exceeded with url: /web/product/big/201809/2c96e99991d13d32003822d8c9ca2780.jpg (Caused by NameResolutionError("<urllib3.connection.HTTPSConnection object at 0x7f34c4108880>: Failed to resolve 'm.%ec%82%bc%ec%9a%b0%ec%9d%b8%ec%87%84%ec%86%8c.com' ([Errno -2] Name or service not known)")), remaining retry times: 1
2025-11-08 17:32:27,125 | ERROR | Exception caught when downloading file https://m.%EC%82%BC%EC%9A%B0%EC%9D%B8%EC%87%84%EC%86%8C.com/web/product/big/201809/2c96e99991d13d32003822d8c9ca2780.jpg, error: HTTPSConnectionPool(host='m.%ec%82%bc%ec%9a%b0%ec%9d%b8%ec%87%84%ec%86%8c.com', port=443): Max retries exceeded with url: /web/product/big/201809/2c96e99991d13d32003822d8c9ca2780.jpg (Caused by NameResolutionError("<urllib3.connection.HTTPSConnection object at 0x7f34c4108490>: Failed to resolve 'm.%ec%82%bc%ec%9a%b0%ec%9d%b8%ec%87%84%ec%86%8c.com' ([Errno -2] Name or service not known)")), remaining retry times: 0
2025-11-08 17:32:27,424 | INFO | image #15	https://static.cdn.soomgo.com/upload/portfolio/3e6546e9-a253-42ba-a6be-85c74da4be27.jpg
2025-11-08 17:32:29,052 | INFO | 🚀 Start crawling query='한국 명함', limit=1000
2025-11-08 17:32:29,052 | INFO | start crawling...
2025-11-08 17:32:29,052 | INFO | starting 1 feeder threads...
2025-11-08 17:32:29,053 | INFO | starting 1 parser threads...
2025-11-08 17:32:29,053 | INFO | starting 1 downloader threads...
2025-11-08 17:32:29,767 | INFO | parsing result page https://www.google.com/search?q=%ED%95%9C%EA%B5%AD+%EB%AA%85%ED%95%A8&ijn=0&start=0&tbs=&tbm=isch
2025-11-08 17:32:29,838 | INFO | skip downloading file 000001.jpg
2025-11-08 17:32:29,839 | INFO | skip downloading file 000002.png
2025-11-08 17:32:29,839 | INFO | skip downloading file 000003.jpg
2025-11-08 17:32:29,839 | INFO | skip downloading file 000004.jpg
2025-11-08 17:32:29,839 | INFO | skip downloading file 000005.jpg
2025-11-08 17:32:29,840 | INFO | skip downloading file 000006.jpg
2025-11-08 17:32:29,840 | INFO | skip downloading file 000007.jpg
2025-11-08 17:32:29,840 | INFO | skip downloading file 000008.jpg
2025-11-08 17:32:29,840 | INFO | skip downloading file 000009.jpg
2025-11-08 17:32:29,840 | INFO | skip downloading file 000010.jpg
2025-11-08 17:32:29,840 | INFO | skip downloading file 000011.jpg
2025-11-08 17:32:29,840 | INFO | skip downloading file 000012.jpg
2025-11-08 17:32:29,840 | INFO | skip downloading file 000013.jpg
2025-11-08 17:32:29,840 | INFO | skip downloading file 000014.jpg
2025-11-08 17:32:29,841 | INFO | skip downloading file 000015.jpg
2025-11-08 17:32:29,841 | ERROR | Exception caught when downloading file https://m.%EC%82%BC%EC%9A%B0%EC%9D%B8%EC%87%84%EC%86%8C.com/web/product/big/201809/2c96e99991d13d32003822d8c9ca2780.jpg, error: HTTPSConnectionPool(host='m.%ec%82%bc%ec%9a%b0%ec%9d%b8%ec%87%84%ec%86%8c.com', port=443): Max retries exceeded with url: /web/product/big/201809/2c96e99991d13d32003822d8c9ca2780.jpg (Caused by NameResolutionError("<urllib3.connection.HTTPSConnection object at 0x7ff7a2167d90>: Failed to resolve 'm.%ec%82%bc%ec%9a%b0%ec%9d%b8%ec%87%84%ec%86%8c.com' ([Errno -2] Name or service not known)")), remaining retry times: 2
2025-11-08 17:32:29,842 | ERROR | Exception caught when downloading file https://m.%EC%82%BC%EC%9A%B0%EC%9D%B8%EC%87%84%EC%86%8C.com/web/product/big/201809/2c96e99991d13d32003822d8c9ca2780.jpg, error: HTTPSConnectionPool(host='m.%ec%82%bc%ec%9a%b0%ec%9d%b8%ec%87%84%ec%86%8c.com', port=443): Max retries exceeded with url: /web/product/big/201809/2c96e99991d13d32003822d8c9ca2780.jpg (Caused by NameResolutionError("<urllib3.connection.HTTPSConnection object at 0x7ff7a2167d00>: Failed to resolve 'm.%ec%82%bc%ec%9a%b0%ec%9d%b8%ec%87%84%ec%86%8c.com' ([Errno -2] Name or service not known)")), remaining retry times: 1
2025-11-08 17:32:29,842 | ERROR | Exception caught when downloading file https://m.%EC%82%BC%EC%9A%B0%EC%9D%B8%EC%87%84%EC%86%8C.com/web/product/big/201809/2c96e99991d13d32003822d8c9ca2780.jpg, error: HTTPSConnectionPool(host='m.%ec%82%bc%ec%9a%b0%ec%9d%b8%ec%87%84%ec%86%8c.com', port=443): Max retries exceeded with url: /web/product/big/201809/2c96e99991d13d32003822d8c9ca2780.jpg (Caused by NameResolutionError("<urllib3.connection.HTTPSConnection object at 0x7ff7a1fd8160>: Failed to resolve 'm.%ec%82%bc%ec%9a%b0%ec%9d%b8%ec%87%84%ec%86%8c.com' ([Errno -2] Name or service not known)")), remaining retry times: 0
2025-11-08 17:32:29,962 | INFO | image #16	https://static.cdn.soomgo.com/upload/portfolio/3e6546e9-a253-42ba-a6be-85c74da4be27.jpg
2025-11-08 17:32:30,194 | INFO | image #17	https://www.korearental.co.kr/uploads/admin/ck/20230707/%E1%84%8A%E1%85%A5%E1%86%B7%E1%84%82%E1%85%A6%E1%84%8B%E1%85%B5%E1%86%AF(1).jpg
2025-11-08 17:32:30,323 | ERROR | Exception caught when downloading file https://naturemk.shop/jianstorage/product/JS6745696/auto_main__img_main_tmp.jpg, error: HTTPSConnectionPool(host='naturemk.shop', port=443): Max retries exceeded with url: /jianstorage/product/JS6745696/auto_main__img_main_tmp.jpg (Caused by SSLError(SSLCertVerificationError(1, '[SSL: CERTIFICATE_VERIFY_FAILED] certificate verify failed: unable to get local issuer certificate (_ssl.c:1017)'))), remaining retry times: 2
2025-11-08 17:32:30,412 | ERROR | Exception caught when downloading file https://naturemk.shop/jianstorage/product/JS6745696/auto_main__img_main_tmp.jpg, error: HTTPSConnectionPool(host='naturemk.shop', port=443): Max retries exceeded with url: /jianstorage/product/JS6745696/auto_main__img_main_tmp.jpg (Caused by SSLError(SSLCertVerificationError(1, '[SSL: CERTIFICATE_VERIFY_FAILED] certificate verify failed: unable to get local issuer certificate (_ssl.c:1017)'))), remaining retry times: 1
2025-11-08 17:32:30,480 | ERROR | Exception caught when downloading file https://naturemk.shop/jianstorage/product/JS6745696/auto_main__img_main_tmp.jpg, error: HTTPSConnectionPool(host='naturemk.shop', port=443): Max retries exceeded with url: /jianstorage/product/JS6745696/auto_main__img_main_tmp.jpg (Caused by SSLError(SSLCertVerificationError(1, '[SSL: CERTIFICATE_VERIFY_FAILED] certificate verify failed: unable to get local issuer certificate (_ssl.c:1017)'))), remaining retry times: 0
2025-11-08 17:32:30,667 | INFO | image #18	https://liptong.com/web/product/big/202502/18e939e04f3c8653b543a4866b8f3bca.jpg
2025-11-08 17:32:30,907 | INFO | image #19	https://thumbnews.nateimg.co.kr/view610///news.nateimg.co.kr/orgImg/ns/2023/02/13/NISI20230213_0001194659_web.jpg
2025-11-08 17:32:31,012 | INFO | image #20	https://m.mindsize.co.kr/web/product/big/202401/1d4a8e5ef06b876d0e80e9945cb55887.jpg
2025-11-08 17:32:31,079 | INFO | image #21	https://m.bizprinting.co.kr/web/product/big/company/36.jpg
2025-11-08 17:32:31,086 | ERROR | Exception caught when downloading file https://png, error: HTTPSConnectionPool(host='png', port=443): Max retries exceeded with url: / (Caused by NameResolutionError("<urllib3.connection.HTTPSConnection object at 0x7ff7a21650c0>: Failed to resolve 'png' ([Errno -3] Temporary failure in name resolution)")), remaining retry times: 2
2025-11-08 17:32:31,088 | ERROR | Exception caught when downloading file https://png, error: HTTPSConnectionPool(host='png', port=443): Max retries exceeded with url: / (Caused by NameResolutionError("<urllib3.connection.HTTPSConnection object at 0x7ff7a2164520>: Failed to resolve 'png' ([Errno -3] Temporary failure in name resolution)")), remaining retry times: 1
2025-11-08 17:32:31,090 | ERROR | Exception caught when downloading file https://png, error: HTTPSConnectionPool(host='png', port=443): Max retries exceeded with url: / (Caused by NameResolutionError("<urllib3.connection.HTTPSConnection object at 0x7ff7a21640a0>: Failed to resolve 'png' ([Errno -3] Temporary failure in name resolution)")), remaining retry times: 0
2025-11-08 17:32:31,153 | ERROR | Exception caught when downloading file https://kor.png, error: HTTPSConnectionPool(host='kor.png', port=443): Max retries exceeded with url: / (Caused by NameResolutionError("<urllib3.connection.HTTPSConnection object at 0x7ff7a4577c10>: Failed to resolve 'kor.png' ([Errno -2] Name or service not known)")), remaining retry times: 2
2025-11-08 17:32:31,201 | ERROR | Exception caught when downloading file https://kor.png, error: HTTPSConnectionPool(host='kor.png', port=443): Max retries exceeded with url: / (Caused by NameResolutionError("<urllib3.connection.HTTPSConnection object at 0x7ff7a4577880>: Failed to resolve 'kor.png' ([Errno -2] Name or service not known)")), remaining retry times: 1
2025-11-08 17:32:31,221 | ERROR | Exception caught when downloading file https://kor.png, error: HTTPSConnectionPool(host='kor.png', port=443): Max retries exceeded with url: / (Caused by NameResolutionError("<urllib3.connection.HTTPSConnection object at 0x7ff7a45774f0>: Failed to resolve 'kor.png' ([Errno -2] Name or service not known)")), remaining retry times: 0
2025-11-08 17:32:33,072 | INFO | image #22	https://fingerday.co.kr/web/product/big/202309/395a5b61e4d9d306c46bdbec4037e2c9.png
2025-11-08 17:32:33,233 | INFO | image #23	http://img1.bizhows.com/bhfile01/__CM_FILE_DATA/201912/06/13/1501396_1575606703165.jpg
2025-11-08 17:32:33,253 | INFO | image #24	https://liptong.com/liptong/1108.jpg
2025-11-08 17:32:33,412 | INFO | image #25	https://nemodi.com/web/product/big/202507/a7932025641c167b02dd6e8799c847c2.jpg
2025-11-08 17:32:34,698 | INFO | image #26	https://img.lovepik.com/free-template/20231120/lovepik-korean-business-card-traditional-style-template-image_8824772_detail.jpg
2025-11-08 17:32:35,006 | INFO | image #27	https://m.bestnprice.net/web/product/big/202407/d7b7ccedf530a04a73c8fbefda140faa.jpg
2025-11-08 17:32:35,118 | INFO | image #28	http://img1.bizhows.com/bhfile01/__CM_FILE_DATA/201912/06/13/1501400_1575606702681.jpg
2025-11-08 17:32:35,138 | INFO | image #29	https://m.mindsize.co.kr/web/product/big/202210/250a70f5e5baa98dab99936bc2bb27e3.jpg
2025-11-08 17:32:35,431 | INFO | image #30	https://newsimg-hams.hankookilbo.com/2023/05/24/1dd13887-7ba7-43b6-ae04-13f6d9f1b161.jpg
2025-11-08 17:32:36,430 | INFO | image #31	https://m.bestnprice.net/web/product/big/202407/b9fb365b979be897176491e096439b63.jpg
2025-11-08 17:32:36,685 | INFO | image #32	https://zieum.kr/wp-content/uploads/2025/03/%ED%8F%89%ED%83%9D%EC%8B%9C%EC%B2%AD%EB%8F%84%EB%A1%9C%EA%B4%80%EB%A6%AC%EA%B3%BC_%EB%AA%85%ED%95%A8.jpg
2025-11-08 17:32:37,109 | INFO | image #33	https://thumbnail.coupangcdn.com/thumbnails/remote/492x492ex/image/vendor_inventory/775b/68f6494507b177fec0faa59de76826c40446a9f45046ca818f615815796b.jpg
2025-11-08 17:32:40,177 | INFO | image #34	https://cdn-dantats.stunning.kr/prod/portfolios/3e03ecdb-66be-4b97-99be-c9d56d6b7412/contents/8jbcitZW2xoHn4xu.%ED%95%9C%EA%B5%AD%EB%B6%84%EC%9E%AC%ED%98%91%ED%9A%8C%20%EB%AA%85%ED%95%A82.jpg
2025-11-08 17:32:40,651 | INFO | image #35	https://wowpress.co.kr/wow2.0/board/2021/03/26/202103261759256398589632782951776.jpg
2025-11-08 17:32:42,377 | INFO | image #36	https://m.ad-all.co.kr/web/product/big/202306/2da2fd2e92f7051d857759accd6c9c39.jpg
2025-11-08 17:32:42,521 | INFO | image #37	https://cafe24.poxo.com/ec01/niacom0803/5GslpdAnCPzGTb8GqqEZ3j9W8PbV9xVKJx7NVKrE/h4NpwmrqazOb++iMiMzfrbktxXZcg8qpLZQEBtTNSaMDQ==/_/web/product/big/20200121/0a5b92247b3d6eaf7f04f2e7e835eb50.jpg
2025-11-08 17:32:43,153 | INFO | image #38	https://img.lovepik.com/free-template/20231120/lovepik-minimalist-korea-business-card-template-image_8824760_detail.jpg
2025-11-08 17:32:43,440 | ERROR | Response status code 404, file https://blog.kakaocdn.net/dna/tkm4I/btsHsmfy4b2/AAAAAAAAAAAAAAAAAAAAAEdGLK20e78MKHpWu_7GTh8aQAe7mbQhS88z67Z3n4Dy/img.jpg
2025-11-08 17:32:43,694 | INFO | image #39	https://goldgold.co.kr/web/product/big/202502/651ff8b6b3d1af67020a11161af0c060.jpg
2025-11-08 17:32:43,862 | INFO | image #40	http://garambook.co.kr/data/file/namecard/f5ea1540d97abc1e5fed6b99669ef02d_3BLgnT4J_7da130e6fb6cc07bf3a39fc628d9a77bb1b42471.jpg
2025-11-08 17:32:44,172 | INFO | image #41	https://m.thinkout.co.kr/web/product/big/company/62.jpg
2025-11-08 17:32:45,661 | INFO | image #42	https://img.freepik.com/free-psd/korean-cosmetics-business-card-template_23-2149999008.jpg
2025-11-08 17:32:45,789 | INFO | image #43	https://m.bizprinting.co.kr/web/product/big/company/45.jpg
2025-11-08 17:32:46,076 | INFO | image #44	https://m.yolohollo.com/web/product/big/20200310/45bb3d0cfd534af235bea81f0374790a.jpg
2025-11-08 17:32:46,324 | INFO | image #45	https://hanjishop.com/data/item/1720501715/thumb-002_1400x1000.png
2025-11-08 17:32:46,389 | INFO | image #46	https://m.bestnprice.net/web/product/big/202407/80c9edb6fbb054187ebd88c5eb6a06e8.jpg
2025-11-08 17:32:46,761 | INFO | image #47	https://www.cbmc.or.kr/data/editor/2404/thumb-c57e9ad27a71bb08f642932d433643d7_1712283799_5752_835x938.jpg
2025-11-08 17:32:47,255 | INFO | image #48	https://d2v80xjmx68n4w.cloudfront.net/members/portfolios/6ZbVU1747632917.png
2025-11-08 17:32:47,536 | ERROR | Response status code 404, file https://mblogthumb-phinf.pstatic.net/MjAxNjExMTZfNDUg/MDAxNDc5Mjc2OTA2Njg0.ds8q65Yl_Cw5BODpfPxaeqJZ3Txz2QAuMBc3Z_p1EREg.i5nlcz-dEcO1wKIqffAAlD35G2Sqf2Y_PFiM4-pym1Ig.JPEG.koreaproduct/%EB%8C%80%EC%82%AC%EA%B4%80-%EB%AA%85%ED%95%A8-1114.jpg
2025-11-08 17:32:47,845 | INFO | image #49	https://m.yeil21.net/web/product/big/20191219/0a3f4cf838d5ded890b6618ff27e7fea.jpg
2025-11-08 17:32:48,130 | INFO | image #50	https://cdn-dantats.stunning.kr/prod/portfolios/37e59272-cf1f-4b6c-ae9a-694eeca84d6c/contents/SdoczXJNDJzcTZi4.2403%20%E1%84%87%E1%85%AE%E1%86%AB%E1%84%8C%E1%85%A2%E1%84%92%E1%85%A7%E1%86%B8%E1%84%92%E1%85%AC%20%E1%84%86%E1%85%A7%E1%86%BC%E1%84%92%E1%85%A1%E1%86%B7%E1%84%80%E1%85%A9%E1%86%BC%E1%84%86%E1%85%A9%E1%84%8C%E1%85%A5%E1%86%AB%20%E1%84%89%E1%85%A6%E1%84%87%E1%85%AE%E1%84%82%E1%85%A2%E1%84%8B%E1%85%AD%E1%86%BC%20re.jpg
2025-11-08 17:32:48,226 | INFO | image #51	https://m.mindsize.co.kr/web/product/big/202103/ddb29cec39fb34467e1654adf7486377.jpg
2025-11-08 17:32:48,271 | INFO | image #52	https://m.bizprinting.co.kr/web/product/big/company/03.jpg
2025-11-08 17:32:48,439 | INFO | image #53	https://www.hufs.ac.kr/sites/hufs/images/sub/stationery1_1.jpg
2025-11-08 17:32:48,571 | INFO | image #54	http://happy42.com/files/attach/images/184/730/5f9ad3c8b7582790315fc84adeae1c1a.png
2025-11-08 17:32:48,700 | ERROR | Exception caught when downloading file https://www.intermarket.co.kr/data/goods/5d5a41471adff.jpg, error: HTTPSConnectionPool(host='www.intermarket.co.kr', port=443): Max retries exceeded with url: /data/goods/5d5a41471adff.jpg (Caused by SSLError(SSLCertVerificationError(1, '[SSL: CERTIFICATE_VERIFY_FAILED] certificate verify failed: unable to get local issuer certificate (_ssl.c:1017)'))), remaining retry times: 2
2025-11-08 17:32:48,771 | ERROR | Exception caught when downloading file https://www.intermarket.co.kr/data/goods/5d5a41471adff.jpg, error: HTTPSConnectionPool(host='www.intermarket.co.kr', port=443): Max retries exceeded with url: /data/goods/5d5a41471adff.jpg (Caused by SSLError(SSLCertVerificationError(1, '[SSL: CERTIFICATE_VERIFY_FAILED] certificate verify failed: unable to get local issuer certificate (_ssl.c:1017)'))), remaining retry times: 1
2025-11-08 17:32:48,836 | ERROR | Exception caught when downloading file https://www.intermarket.co.kr/data/goods/5d5a41471adff.jpg, error: HTTPSConnectionPool(host='www.intermarket.co.kr', port=443): Max retries exceeded with url: /data/goods/5d5a41471adff.jpg (Caused by SSLError(SSLCertVerificationError(1, '[SSL: CERTIFICATE_VERIFY_FAILED] certificate verify failed: unable to get local issuer certificate (_ssl.c:1017)'))), remaining retry times: 0
2025-11-08 17:32:48,982 | INFO | image #55	https://tr.xza.kr/imgdata/tr_xza_kr/202507/20250731071304-69902.jpg
2025-11-08 17:32:50,506 | INFO | image #56	https://wms.wizad.co.kr/data/project/1599534127924_2.jpg
2025-11-08 17:32:50,617 | INFO | image #57	https://m.bestnprice.net/web/product/big/202406/89537b5c9f7e94759f57e36f4e3fe2d8.jpg
2025-11-08 17:32:51,163 | INFO | image #58	http://www.giftsum.com/rb/files/2025/02/12/27d2610d59ca9871a5452fa2d33df0df105354.jpg
2025-11-08 17:32:51,267 | ERROR | Exception caught when downloading file http://dmost.scout.or.kr/BoaFileUtil.do?action=displayImage&filepath=boardsolution/general/208/3379/20120302103241.jpg, error: HTTPConnectionPool(host='dmost.scout.or.kr', port=80): Max retries exceeded with url: /BoaFileUtil.do?action=displayImage&filepath=boardsolution/general/208/3379/20120302103241.jpg (Caused by NameResolutionError("<urllib3.connection.HTTPConnection object at 0x7ff7a45bdf90>: Failed to resolve 'dmost.scout.or.kr' ([Errno -2] Name or service not known)")), remaining retry times: 2
2025-11-08 17:32:51,298 | ERROR | Exception caught when downloading file http://dmost.scout.or.kr/BoaFileUtil.do?action=displayImage&filepath=boardsolution/general/208/3379/20120302103241.jpg, error: HTTPConnectionPool(host='dmost.scout.or.kr', port=80): Max retries exceeded with url: /BoaFileUtil.do?action=displayImage&filepath=boardsolution/general/208/3379/20120302103241.jpg (Caused by NameResolutionError("<urllib3.connection.HTTPConnection object at 0x7ff7a45bd5a0>: Failed to resolve 'dmost.scout.or.kr' ([Errno -2] Name or service not known)")), remaining retry times: 1
2025-11-08 17:32:51,319 | ERROR | Exception caught when downloading file http://dmost.scout.or.kr/BoaFileUtil.do?action=displayImage&filepath=boardsolution/general/208/3379/20120302103241.jpg, error: HTTPConnectionPool(host='dmost.scout.or.kr', port=80): Max retries exceeded with url: /BoaFileUtil.do?action=displayImage&filepath=boardsolution/general/208/3379/20120302103241.jpg (Caused by NameResolutionError("<urllib3.connection.HTTPConnection object at 0x7ff7a45bebf0>: Failed to resolve 'dmost.scout.or.kr' ([Errno -2] Name or service not known)")), remaining retry times: 0
2025-11-08 17:32:51,658 | INFO | image #59	http://www.kimfont.com/wp-content/uploads/2015/10/%ED%95%9C%EA%B5%AD%EB%8F%84%EB%A1%9C%EA%B3%B5%EC%82%AC-%EB%AA%85%ED%95%A8-min.png
2025-11-08 17:32:52,011 | INFO | image #60	https://cdn-dantats.stunning.kr/prod/portfolios/3e03ecdb-66be-4b97-99be-c9d56d6b7412/contents/DNVTXB9H3oVydm8d.%ED%95%9C%EA%B5%AD%EB%B6%84%EC%9E%AC%ED%98%91%ED%9A%8C%20%EB%AA%85%ED%95%A8.jpg
2025-11-08 17:32:52,230 | INFO | image #61	https://www.mmu.ac.kr/images/main/sub/ppt3_1.jpg
2025-11-08 17:32:52,993 | INFO | image #62	https://img.lovepik.com/free-template/20231120/lovepik-korean-business-card-traditional-style-simple-template-image_8824754_detail.jpg
2025-11-08 17:32:53,101 | INFO | image #63	https://m.yeil21.net/web/product/big/20191220/cdde3ba69d0f36e4e246ad66ea7ecdbe.jpg
2025-11-08 17:32:53,227 | INFO | image #64	https://cdn.imweb.me/thumbnail/20241222/36d9b68494474.jpg
2025-11-08 17:32:53,552 | INFO | image #65	https://front-cdn.ohprint.me/assets/ko_kr/pc/images/store/intro/shape-business-card/variation/none-premium-rec-shape-bizcard-90x50@2x.jpg
2025-11-08 17:32:53,692 | ERROR | Exception caught when downloading file https://www.gachon.ac.kr/CrossEditor/binary/images/000006/0_AS-01.jpg, error: HTTPSConnectionPool(host='www.gachon.ac.kr', port=443): Max retries exceeded with url: /CrossEditor/binary/images/000006/0_AS-01.jpg (Caused by SSLError(SSLError(1, '[SSL: SSLV3_ALERT_HANDSHAKE_FAILURE] ssl/tls alert handshake failure (_ssl.c:1017)'))), remaining retry times: 2
2025-11-08 17:32:53,749 | ERROR | Exception caught when downloading file https://www.gachon.ac.kr/CrossEditor/binary/images/000006/0_AS-01.jpg, error: HTTPSConnectionPool(host='www.gachon.ac.kr', port=443): Max retries exceeded with url: /CrossEditor/binary/images/000006/0_AS-01.jpg (Caused by SSLError(SSLError(1, '[SSL: SSLV3_ALERT_HANDSHAKE_FAILURE] ssl/tls alert handshake failure (_ssl.c:1017)'))), remaining retry times: 1
2025-11-08 17:32:53,802 | ERROR | Exception caught when downloading file https://www.gachon.ac.kr/CrossEditor/binary/images/000006/0_AS-01.jpg, error: HTTPSConnectionPool(host='www.gachon.ac.kr', port=443): Max retries exceeded with url: /CrossEditor/binary/images/000006/0_AS-01.jpg (Caused by SSLError(SSLError(1, '[SSL: SSLV3_ALERT_HANDSHAKE_FAILURE] ssl/tls alert handshake failure (_ssl.c:1017)'))), remaining retry times: 0
2025-11-08 17:32:53,955 | INFO | image #66	https://m.adsland.com/img/sub/product/itemImg/mo/IC00147_20240723115542_3_mo.jpg
2025-11-08 17:32:54,051 | INFO | image #67	https://m.mindsize.co.kr/web/product/big/202011/6f5ff14c5422d3f88c54fbccf2f0bb2e.jpg
2025-11-08 17:32:54,155 | INFO | image #68	https://m.bestnprice.net/web/upload/NNEditor/20240612/mobile/00e079c66b5d54941ad34db297317c3f_1718159715.jpg
2025-11-08 17:32:54,415 | INFO | image #69	https://adnpgift.com/upload/goods_p/790/c1_16951_91769.jpg
2025-11-08 17:32:54,602 | INFO | image #70	https://www.hufs.ac.kr/sites/hufs/images/sub/stationery1_2.jpg
2025-11-08 17:32:54,694 | INFO | parsing result page https://www.google.com/search?q=%ED%95%9C%EA%B5%AD+%EB%AA%85%ED%95%A8&ijn=1&start=100&tbs=&tbm=isch
2025-11-08 17:32:54,934 | INFO | image #71	https://static.cdn.kmong.com/gigs/nSJab1721316845.jpg
2025-11-08 17:32:55,302 | ERROR | Response status code 404, file https://mblogthumb-phinf.pstatic.net/MjAyMzA5MTZfMjgx/MDAxNjk0ODQzNDExNjA0.HUSZYZcLj6p_tbBCMr0HZgaMXcmjhmtCg87POvAa_XQg.0D9MFHYZxyJya0IGZ6MCYvbJcfFklGvv2sPsQZpganQg.JPEG.clay21/%EC%8A%A4%ED%81%AC%EB%A6%B0%EC%83%B7_2023-09-16_%EC%98%A4%ED%9B%84_2.48.20.jpg
2025-11-08 17:33:00,302 | INFO | no more download task for thread downloader-001
2025-11-08 17:33:00,302 | INFO | thread downloader-001 exit
2025-11-08 17:33:01,086 | INFO | Crawling task done!
2025-11-08 17:33:01,086 | INFO | ✅ Crawling finished. Start validation...
2025-11-08 17:33:01,110 | INFO | 🏁 All done! Valid images saved in ./data_raw
2025-11-08 17:33:58,529 | INFO | 🚀 Start crawling query='한국 명함', limit=11000
2025-11-08 17:33:58,530 | WARNING | Due to Google's limitation, you can only get the first 1000 result. "max_num" has been automatically set to 1000. If you really want to get more than 1000 results, you can specify different date ranges.
2025-11-08 17:33:58,530 | INFO | start crawling...
2025-11-08 17:33:58,530 | INFO | starting 1 feeder threads...
2025-11-08 17:33:58,530 | INFO | starting 1 parser threads...
2025-11-08 17:33:58,530 | INFO | starting 1 downloader threads...
2025-11-08 17:33:59,145 | INFO | parsing result page https://www.google.com/search?q=%ED%95%9C%EA%B5%AD+%EB%AA%85%ED%95%A8&ijn=0&start=0&tbs=&tbm=isch
2025-11-08 17:34:03,530 | INFO | no more download task for thread downloader-001
2025-11-08 17:34:03,531 | INFO | thread downloader-001 exit
2025-11-08 17:34:03,536 | INFO | Crawling task done!
2025-11-08 17:34:03,536 | INFO | ✅ Crawling finished. Start validation...
2025-11-08 17:34:03,583 | INFO | 🏁 All done! Valid images saved in ./data_raw
