2025-11-08 20:30:05 | INFO | 🧾 data.yaml created → /data/dydtkddhkdwk/20251107_NameCard/try03_labelme/data.yaml
2025-11-08 20:30:05 | INFO | ✅ Loaded pretrained YOLOv8 model: /data/dydtkddhkdwk/20251107_NameCard/try03_labelme/yolov8x-seg.pt
2025-11-08 20:30:05 | INFO | === [YOLOv8-Seg Fine-tuning Pipeline Start] ===
2025-11-08 20:30:05 | INFO | 🚀 Starting YOLOv8-Seg training...
2025-11-08 20:30:05,651 | [YOLO] New https://pypi.org/project/ultralytics/8.3.226 available 😃 Update with 'pip install -U ultralytics'
2025-11-08 20:30:05,680 | [YOLO] Ultralytics 8.3.225 🚀 Python-3.10.19 torch-2.9.0+cu128 CUDA:0 (NVIDIA GeForce RTX 3090, 24260MiB)
2025-11-08 20:30:05,737 | [YOLO] [34m[1mengine/trainer: [0magnostic_nms=False, amp=True, augment=False, auto_augment=randaugment, batch=8, bgr=0.0, box=7.5, cache=False, cfg=None, classes=None, close_mosaic=10, cls=0.5, compile=False, conf=None, copy_paste=0.0, copy_paste_mode=flip, cos_lr=False, cutmix=0.0, data=/data/dydtkddhkdwk/20251107_NameCard/try03_labelme/data.yaml, degrees=0.0, deterministic=True, device=0, dfl=1.5, dnn=False, dropout=0.0, dynamic=False, embed=None, epochs=50, erasing=0.4, exist_ok=True, fliplr=0.5, flipud=0.0, format=torchscript, fraction=1.0, freeze=None, half=False, hsv_h=0.015, hsv_s=0.7, hsv_v=0.4, imgsz=640, int8=False, iou=0.7, keras=False, kobj=1.0, line_width=None, lr0=0.0001, lrf=0.01, mask_ratio=4, max_det=300, mixup=0.0, mode=train, model=/data/dydtkddhkdwk/20251107_NameCard/try03_labelme/yolov8x-seg.pt, momentum=0.937, mosaic=1.0, multi_scale=False, name=card_seg_train_20251108_203005, nbs=64, nms=False, opset=None, optimize=False, optimizer=AdamW, overlap_mask=True, patience=100, perspective=0.0, plots=True, pose=12.0, pretrained=True, profile=False, project=/data/dydtkddhkdwk/20251107_NameCard/try03_labelme/runs, rect=False, resume=False, retina_masks=False, save=True, save_conf=False, save_crop=False, save_dir=/data/dydtkddhkdwk/20251107_NameCard/try03_labelme/runs/card_seg_train_20251108_203005, save_frames=False, save_json=False, save_period=-1, save_txt=False, scale=0.5, seed=0, shear=0.0, show=False, show_boxes=True, show_conf=True, show_labels=True, simplify=True, single_cls=False, source=None, split=val, stream_buffer=False, task=segment, time=None, tracker=botsort.yaml, translate=0.1, val=True, verbose=True, vid_stride=1, visualize=False, warmup_bias_lr=0.1, warmup_epochs=3.0, warmup_momentum=0.8, weight_decay=0.0005, workers=8, workspace=None
2025-11-08 20:30:05,740 | [YOLO] 
2025-11-08 20:30:05 | ERROR | ❌ Training failed: Dataset '/data/dydtkddhkdwk/20251107_NameCard/try03_labelme/data.yaml' error ❌ Dataset '/data/dydtkddhkdwk/20251107_NameCard/try03_labelme/data.yaml' images not found, missing path '/data/dydtkddhkdwk/20251107_NameCard/01_coco_dataset/val/images'
Note dataset download directory is '/data/dydtkddhkdwk/20251107_NameCard/02_ObjectDetection/datasets'. You can update this in '/home/dydtkddhkdwk/.config/Ultralytics/settings.json'
Traceback (most recent call last):

  File "/data/dydtkddhkdwk/anaconda3/envs/card_ocr/lib/python3.10/site-packages/ultralytics/engine/trainer.py", line 644, in get_dataset
    data = check_det_dataset(self.args.data)
           │                 │    │    └ '/data/dydtkddhkdwk/20251107_NameCard/try03_labelme/data.yaml'
           │                 │    └ IterableSimpleNamespace(task='segment', mode='train', model='/data/dydtkddhkdwk/20251107_NameCard/try03_labelme/yolov8x-seg.p...
           │                 └ <ultralytics.models.yolo.segment.train.SegmentationTrainer object at 0x7f48028dfbb0>
           └ <function check_det_dataset at 0x7f480a04e560>
  File "/data/dydtkddhkdwk/anaconda3/envs/card_ocr/lib/python3.10/site-packages/ultralytics/data/utils.py", line 462, in check_det_dataset
    raise FileNotFoundError(m)
                            └ "Dataset '/data/dydtkddhkdwk/20251107_NameCard/try03_labelme/data.yaml' images not found, missing path '/data/dydtkddhkdwk/20...

FileNotFoundError: Dataset '/data/dydtkddhkdwk/20251107_NameCard/try03_labelme/data.yaml' images not found, missing path '/data/dydtkddhkdwk/20251107_NameCard/01_coco_dataset/val/images'
Note dataset download directory is '/data/dydtkddhkdwk/20251107_NameCard/02_ObjectDetection/datasets'. You can update this in '/home/dydtkddhkdwk/.config/Ultralytics/settings.json'


The above exception was the direct cause of the following exception:


Traceback (most recent call last):

  File "/data/dydtkddhkdwk/20251107_NameCard/try03_labelme/01_train_model.engine.py", line 214, in <module>
    save_dir = train_yolo(epochs=50, batch=8)
               └ <function train_yolo at 0x7f48068979a0>

> File "/data/dydtkddhkdwk/20251107_NameCard/try03_labelme/01_train_model.engine.py", line 97, in train_yolo
    results = model.train(
              │     └ <function Model.train at 0x7f480a09b400>
              └ YOLO(
                  (model): SegmentationModel(
                    (model): Sequential(
                      (0): Conv(
                        (conv): Conv2d(3, 80, kernel_size=(3, 3...

  File "/data/dydtkddhkdwk/anaconda3/envs/card_ocr/lib/python3.10/site-packages/ultralytics/engine/model.py", line 772, in train
    self.trainer = (trainer or self._smart_load("trainer"))(overrides=args, _callbacks=self.callbacks)
    │    │          │          │    │                                 │                │    └ defaultdict(<class 'list'>, {'on_pretrain_routine_start': [<function on_pretrain_routine_start at 0x7f480a624820>], 'on_pretr...
    │    │          │          │    │                                 │                └ YOLO(
    │    │          │          │    │                                 │                    (model): SegmentationModel(
    │    │          │          │    │                                 │                      (model): Sequential(
    │    │          │          │    │                                 │                        (0): Conv(
    │    │          │          │    │                                 │                          (conv): Conv2d(3, 80, kernel_size=(3, 3...
    │    │          │          │    │                                 └ {'task': 'segment', 'data': '/data/dydtkddhkdwk/20251107_NameCard/try03_labelme/data.yaml', 'imgsz': 640, 'single_cls': False...
    │    │          │          │    └ <function Model._smart_load at 0x7f480a09b9a0>
    │    │          │          └ YOLO(
    │    │          │              (model): SegmentationModel(
    │    │          │                (model): Sequential(
    │    │          │                  (0): Conv(
    │    │          │                    (conv): Conv2d(3, 80, kernel_size=(3, 3...
    │    │          └ None
    │    └ None
    └ YOLO(
        (model): SegmentationModel(
          (model): Sequential(
            (0): Conv(
              (conv): Conv2d(3, 80, kernel_size=(3, 3...
  File "/data/dydtkddhkdwk/anaconda3/envs/card_ocr/lib/python3.10/site-packages/ultralytics/models/yolo/segment/train.py", line 40, in __init__
    super().__init__(cfg, overrides, _callbacks)
                     │    │          └ defaultdict(<class 'list'>, {'on_pretrain_routine_start': [<function on_pretrain_routine_start at 0x7f480a624820>], 'on_pretr...
                     │    └ {'task': 'segment', 'data': '/data/dydtkddhkdwk/20251107_NameCard/try03_labelme/data.yaml', 'imgsz': 640, 'single_cls': False...
                     └ IterableSimpleNamespace(task='detect', mode='train', model=None, data=None, epochs=100, time=None, patience=100, batch=16, im...
  File "/data/dydtkddhkdwk/anaconda3/envs/card_ocr/lib/python3.10/site-packages/ultralytics/models/yolo/detect/train.py", line 63, in __init__
    super().__init__(cfg, overrides, _callbacks)
                     │    │          └ defaultdict(<class 'list'>, {'on_pretrain_routine_start': [<function on_pretrain_routine_start at 0x7f480a624820>], 'on_pretr...
                     │    └ {'task': 'segment', 'data': '/data/dydtkddhkdwk/20251107_NameCard/try03_labelme/data.yaml', 'imgsz': 640, 'single_cls': False...
                     └ IterableSimpleNamespace(task='detect', mode='train', model=None, data=None, epochs=100, time=None, patience=100, batch=16, im...
  File "/data/dydtkddhkdwk/anaconda3/envs/card_ocr/lib/python3.10/site-packages/ultralytics/engine/trainer.py", line 158, in __init__
    self.data = self.get_dataset()
    │           │    └ <function BaseTrainer.get_dataset at 0x7f480a0a64d0>
    │           └ <ultralytics.models.yolo.segment.train.SegmentationTrainer object at 0x7f48028dfbb0>
    └ <ultralytics.models.yolo.segment.train.SegmentationTrainer object at 0x7f48028dfbb0>
  File "/data/dydtkddhkdwk/anaconda3/envs/card_ocr/lib/python3.10/site-packages/ultralytics/engine/trainer.py", line 648, in get_dataset
    raise RuntimeError(emojis(f"Dataset '{clean_url(self.args.data)}' error ❌ {e}")) from e
                       └ <function emojis at 0x7f480a9591b0>

RuntimeError: Dataset '/data/dydtkddhkdwk/20251107_NameCard/try03_labelme/data.yaml' error ❌ Dataset '/data/dydtkddhkdwk/20251107_NameCard/try03_labelme/data.yaml' images not found, missing path '/data/dydtkddhkdwk/20251107_NameCard/01_coco_dataset/val/images'
Note dataset download directory is '/data/dydtkddhkdwk/20251107_NameCard/02_ObjectDetection/datasets'. You can update this in '/home/dydtkddhkdwk/.config/Ultralytics/settings.json'
