Fri 07 Nov 2025 04:30:59 PM KST
Working Directory: /data/dydtkddhkdwk/20251107_NameCard/try02/01_makedataset
Fri Nov  7 16:30:59 2025       
+---------------------------------------------------------------------------------------+
| NVIDIA-SMI 535.161.07             Driver Version: 535.161.07   CUDA Version: 12.2     |
|-----------------------------------------+----------------------+----------------------+
| GPU  Name                 Persistence-M | Bus-Id        Disp.A | Volatile Uncorr. ECC |
| Fan  Temp   Perf          Pwr:Usage/Cap |         Memory-Usage | GPU-Util  Compute M. |
|                                         |                      |               MIG M. |
|=========================================+======================+======================|
|   0  NVIDIA GeForce RTX 3090        On  | 00000000:43:00.0 Off |                  N/A |
| 62%   28C    P8              28W / 350W |      1MiB / 24576MiB |      0%      Default |
|                                         |                      |                  N/A |
+-----------------------------------------+----------------------+----------------------+
                                                                                         
+---------------------------------------------------------------------------------------+
| Processes:                                                                            |
|  GPU   GI   CI        PID   Type   Process name                            GPU Memory |
|        ID   ID                                                             Usage      |
|=======================================================================================|
|  No running processes found                                                           |
+---------------------------------------------------------------------------------------+
/data/dydtkddhkdwk/20251107_NameCard/try02/01_makedataset/engine.py:34: UserWarning: Argument(s) 'value' are not valid for transform SafeRotate
  SafeRotate(limit=10, border_mode=cv2.BORDER_CONSTANT, value=(255, 255, 255), p=0.9),
/data/dydtkddhkdwk/anaconda3/envs/card_ocr/lib/python3.10/site-packages/albumentations/core/validation.py:114: UserWarning: ShiftScaleRotate is a special case of Affine transform. Please use Affine transform instead.
  original_init(self, **validated_kwargs)
/data/dydtkddhkdwk/20251107_NameCard/try02/01_makedataset/engine.py:35: UserWarning: Argument(s) 'value' are not valid for transform ShiftScaleRotate
  ShiftScaleRotate(shift_limit=0.08, scale_limit=0.15, rotate_limit=10,
2025-11-07 16:31:01.973 | INFO     | __main__:main:140 - Loaded 49 backgrounds, 4 cards.
🎨 Generating dataset:   0%|          | 0/300 [00:00<?, ?it/s]2025-11-07 16:31:02.336 | INFO     | __main__:main:193 - [train] train_000.png: 2 cards
🎨 Generating dataset:   0%|          | 1/300 [00:00<01:48,  2.77it/s]🎨 Generating dataset:   1%|          | 2/300 [00:00<01:05,  4.55it/s]
Traceback (most recent call last):
  File "/data/dydtkddhkdwk/20251107_NameCard/try02/01_makedataset/engine.py", line 199, in <module>
    main(num_images=300)
  File "/data/dydtkddhkdwk/20251107_NameCard/try02/01_makedataset/engine.py", line 178, in main
    composed, mask_card, bbox = paste_card(composed, card_img, boxes)
  File "/data/dydtkddhkdwk/20251107_NameCard/try02/01_makedataset/engine.py", line 94, in paste_card
    x_offset = random.randint(0, bg_w - new_w)
  File "/data/dydtkddhkdwk/anaconda3/envs/card_ocr/lib/python3.10/random.py", line 370, in randint
    return self.randrange(a, b+1)
  File "/data/dydtkddhkdwk/anaconda3/envs/card_ocr/lib/python3.10/random.py", line 353, in randrange
    raise ValueError("empty range for randrange() (%d, %d, %d)" % (istart, istop, width))
ValueError: empty range for randrange() (0, -28, -28)
=== Job Completed ===
Fri 07 Nov 2025 04:31:02 PM KST
