Fri 07 Nov 2025 10:47:53 PM KST
Working Directory: /data/dydtkddhkdwk/20251107_NameCard/try02/03_predict_webdata
Fri Nov  7 22:47:53 2025       
+---------------------------------------------------------------------------------------+
| NVIDIA-SMI 535.161.07             Driver Version: 535.161.07   CUDA Version: 12.2     |
|-----------------------------------------+----------------------+----------------------+
| GPU  Name                 Persistence-M | Bus-Id        Disp.A | Volatile Uncorr. ECC |
| Fan  Temp   Perf          Pwr:Usage/Cap |         Memory-Usage | GPU-Util  Compute M. |
|                                         |                      |               MIG M. |
|=========================================+======================+======================|
|   0  NVIDIA GeForce RTX 3090        On  | 00000000:43:00.0 Off |                  N/A |
| 62%   28C    P8              28W / 350W |      1MiB / 24576MiB |      0%      Default |
|                                         |                      |                  N/A |
+-----------------------------------------+----------------------+----------------------+
                                                                                         
+---------------------------------------------------------------------------------------+
| Processes:                                                                            |
|  GPU   GI   CI        PID   Type   Process name                            GPU Memory |
|        ID   ID                                                             Usage      |
|=======================================================================================|
|  No running processes found                                                           |
+---------------------------------------------------------------------------------------+

image 1/1 /data/dydtkddhkdwk/20251107_NameCard/try02/03_predict_webdata/00_data/Business_Card_On_Fabric_Mockups-960x640.jpg: 448x640 (no detections), 91.1ms
Speed: 1.7ms preprocess, 91.1ms inference, 0.4ms postprocess per image at shape (1, 3, 448, 640)
Results saved to [1m/data/dydtkddhkdwk/20251107_NameCard/try02/03_predict_webdata/runs/predictions_20251107_webdata2[0m
0 label saved to /data/dydtkddhkdwk/20251107_NameCard/try02/03_predict_webdata/runs/predictions_20251107_webdata2/labels
=== Job Completed ===
Fri 07 Nov 2025 10:47:58 PM KST
