Sat 08 Nov 2025 04:21:43 PM KST
Working Directory: /data/dydtkddhkdwk/20251107_NameCard/try02/03_predict_webdata
Sat Nov  8 16:21:43 2025       
+---------------------------------------------------------------------------------------+
| NVIDIA-SMI 535.161.07             Driver Version: 535.161.07   CUDA Version: 12.2     |
|-----------------------------------------+----------------------+----------------------+
| GPU  Name                 Persistence-M | Bus-Id        Disp.A | Volatile Uncorr. ECC |
| Fan  Temp   Perf          Pwr:Usage/Cap |         Memory-Usage | GPU-Util  Compute M. |
|                                         |                      |               MIG M. |
|=========================================+======================+======================|
|   0  NVIDIA GeForce RTX 3090        On  | 00000000:43:00.0 Off |                  N/A |
| 61%   28C    P8              27W / 350W |      1MiB / 24576MiB |      0%      Default |
|                                         |                      |                  N/A |
+-----------------------------------------+----------------------+----------------------+
                                                                                         
+---------------------------------------------------------------------------------------+
| Processes:                                                                            |
|  GPU   GI   CI        PID   Type   Process name                            GPU Memory |
|        ID   ID                                                             Usage      |
|=======================================================================================|
|  No running processes found                                                           |
+---------------------------------------------------------------------------------------+

image 1/2 /data/dydtkddhkdwk/20251107_NameCard/try02/03_predict_webdata/00_data/Business_Card_On_Fabric_Mockups-960x640.jpg: 448x640 (no detections), 101.2ms
image 2/2 /data/dydtkddhkdwk/20251107_NameCard/try02/03_predict_webdata/00_data/test_270.png: 480x640 1 card, 75.5ms
Speed: 1.8ms preprocess, 88.3ms inference, 3.1ms postprocess per image at shape (1, 3, 480, 640)
Results saved to [1m/data/dydtkddhkdwk/20251107_NameCard/try02/03_predict_webdata/runs/predictions_20251107_webdata3[0m
1 label saved to /data/dydtkddhkdwk/20251107_NameCard/try02/03_predict_webdata/runs/predictions_20251107_webdata3/labels
=== Job Completed ===
Sat 08 Nov 2025 04:21:48 PM KST
