Fri 07 Nov 2025 04:29:53 PM KST
Working Directory: /data/dydtkddhkdwk/20251107_NameCard/try02/01_makedataset
Fri Nov  7 16:29:53 2025       
+---------------------------------------------------------------------------------------+
| NVIDIA-SMI 535.161.07             Driver Version: 535.161.07   CUDA Version: 12.2     |
|-----------------------------------------+----------------------+----------------------+
| GPU  Name                 Persistence-M | Bus-Id        Disp.A | Volatile Uncorr. ECC |
| Fan  Temp   Perf          Pwr:Usage/Cap |         Memory-Usage | GPU-Util  Compute M. |
|                                         |                      |               MIG M. |
|=========================================+======================+======================|
|   0  NVIDIA GeForce RTX 3090        On  | 00000000:43:00.0 Off |                  N/A |
| 62%   28C    P8              28W / 350W |      1MiB / 24576MiB |      0%      Default |
|                                         |                      |                  N/A |
+-----------------------------------------+----------------------+----------------------+
                                                                                         
+---------------------------------------------------------------------------------------+
| Processes:                                                                            |
|  GPU   GI   CI        PID   Type   Process name                            GPU Memory |
|        ID   ID                                                             Usage      |
|=======================================================================================|
|  No running processes found                                                           |
+---------------------------------------------------------------------------------------+
/data/dydtkddhkdwk/20251107_NameCard/try02/01_makedataset/engine.py:34: UserWarning: Argument(s) 'value' are not valid for transform SafeRotate
  SafeRotate(limit=10, border_mode=cv2.BORDER_CONSTANT, value=(255, 255, 255), p=0.9),
/data/dydtkddhkdwk/anaconda3/envs/card_ocr/lib/python3.10/site-packages/albumentations/core/validation.py:114: UserWarning: ShiftScaleRotate is a special case of Affine transform. Please use Affine transform instead.
  original_init(self, **validated_kwargs)
/data/dydtkddhkdwk/20251107_NameCard/try02/01_makedataset/engine.py:35: UserWarning: Argument(s) 'value' are not valid for transform ShiftScaleRotate
  ShiftScaleRotate(shift_limit=0.08, scale_limit=0.15, rotate_limit=10,
2025-11-07 16:29:55.623 | INFO     | __main__:main:122 - Loaded 49 backgrounds, 4 cards.
🎨 Generating dataset:   0%|          | 0/300 [00:00<?, ?it/s]🎨 Generating dataset:   0%|          | 0/300 [00:00<?, ?it/s]
Traceback (most recent call last):
  File "/data/dydtkddhkdwk/20251107_NameCard/try02/01_makedataset/engine.py", line 181, in <module>
    main(num_images=300)
  File "/data/dydtkddhkdwk/20251107_NameCard/try02/01_makedataset/engine.py", line 171, in main
    save_yolo_label(boxes,
NameError: name 'save_yolo_label' is not defined
=== Job Completed ===
Fri 07 Nov 2025 04:29:56 PM KST
