2025-11-07 14:55:28.136 | ERROR    | __main__:main:92 - No backgrounds found in /data/dydtkddhkdwk/20251107_NameCard/01_Background
2025-11-07 15:11:14.695 | INFO     | __main__:main:99 - Loaded 4 cards and 49 backgrounds.
2025-11-07 15:11:15.102 | INFO     | __main__:main:111 - [1/50] → /data/dydtkddhkdwk/20251107_NameCard/01_Background/output/aug_000.png | cards=1
2025-11-07 15:11:15.175 | INFO     | __main__:main:111 - [2/50] → /data/dydtkddhkdwk/20251107_NameCard/01_Background/output/aug_001.png | cards=3
2025-11-07 15:11:15.245 | INFO     | __main__:main:111 - [3/50] → /data/dydtkddhkdwk/20251107_NameCard/01_Background/output/aug_002.png | cards=2
2025-11-07 15:11:15.304 | INFO     | __main__:main:111 - [4/50] → /data/dydtkddhkdwk/20251107_NameCard/01_Background/output/aug_003.png | cards=4
2025-11-07 15:11:15.361 | INFO     | __main__:main:111 - [5/50] → /data/dydtkddhkdwk/20251107_NameCard/01_Background/output/aug_004.png | cards=2
2025-11-07 15:11:15.416 | INFO     | __main__:main:111 - [6/50] → /data/dydtkddhkdwk/20251107_NameCard/01_Background/output/aug_005.png | cards=2
2025-11-07 15:11:15.466 | INFO     | __main__:main:111 - [7/50] → /data/dydtkddhkdwk/20251107_NameCard/01_Background/output/aug_006.png | cards=2
2025-11-07 15:11:15.531 | INFO     | __main__:main:111 - [8/50] → /data/dydtkddhkdwk/20251107_NameCard/01_Background/output/aug_007.png | cards=3
2025-11-07 15:11:15.588 | INFO     | __main__:main:111 - [9/50] → /data/dydtkddhkdwk/20251107_NameCard/01_Background/output/aug_008.png | cards=2
2025-11-07 15:11:15.659 | INFO     | __main__:main:111 - [10/50] → /data/dydtkddhkdwk/20251107_NameCard/01_Background/output/aug_009.png | cards=3
2025-11-07 15:11:15.723 | INFO     | __main__:main:111 - [11/50] → /data/dydtkddhkdwk/20251107_NameCard/01_Background/output/aug_010.png | cards=4
2025-11-07 15:11:15.779 | INFO     | __main__:main:111 - [12/50] → /data/dydtkddhkdwk/20251107_NameCard/01_Background/output/aug_011.png | cards=1
2025-11-07 15:11:15.852 | INFO     | __main__:main:111 - [13/50] → /data/dydtkddhkdwk/20251107_NameCard/01_Background/output/aug_012.png | cards=2
2025-11-07 15:11:15.927 | INFO     | __main__:main:111 - [14/50] → /data/dydtkddhkdwk/20251107_NameCard/01_Background/output/aug_013.png | cards=3
2025-11-07 15:11:15.995 | INFO     | __main__:main:111 - [15/50] → /data/dydtkddhkdwk/20251107_NameCard/01_Background/output/aug_014.png | cards=3
2025-11-07 15:11:16.059 | INFO     | __main__:main:111 - [16/50] → /data/dydtkddhkdwk/20251107_NameCard/01_Background/output/aug_015.png | cards=2
2025-11-07 15:11:16.145 | INFO     | __main__:main:111 - [17/50] → /data/dydtkddhkdwk/20251107_NameCard/01_Background/output/aug_016.png | cards=4
2025-11-07 15:11:16.227 | INFO     | __main__:main:111 - [18/50] → /data/dydtkddhkdwk/20251107_NameCard/01_Background/output/aug_017.png | cards=4
2025-11-07 15:11:16.289 | INFO     | __main__:main:111 - [19/50] → /data/dydtkddhkdwk/20251107_NameCard/01_Background/output/aug_018.png | cards=1
2025-11-07 15:11:16.348 | INFO     | __main__:main:111 - [20/50] → /data/dydtkddhkdwk/20251107_NameCard/01_Background/output/aug_019.png | cards=1
2025-11-07 15:11:16.423 | INFO     | __main__:main:111 - [21/50] → /data/dydtkddhkdwk/20251107_NameCard/01_Background/output/aug_020.png | cards=2
2025-11-07 15:11:16.472 | INFO     | __main__:main:111 - [22/50] → /data/dydtkddhkdwk/20251107_NameCard/01_Background/output/aug_021.png | cards=2
2025-11-07 15:11:16.536 | INFO     | __main__:main:111 - [23/50] → /data/dydtkddhkdwk/20251107_NameCard/01_Background/output/aug_022.png | cards=1
2025-11-07 15:11:16.625 | INFO     | __main__:main:111 - [24/50] → /data/dydtkddhkdwk/20251107_NameCard/01_Background/output/aug_023.png | cards=4
2025-11-07 15:11:16.690 | INFO     | __main__:main:111 - [25/50] → /data/dydtkddhkdwk/20251107_NameCard/01_Background/output/aug_024.png | cards=3
2025-11-07 15:11:16.749 | INFO     | __main__:main:111 - [26/50] → /data/dydtkddhkdwk/20251107_NameCard/01_Background/output/aug_025.png | cards=2
2025-11-07 15:11:16.819 | INFO     | __main__:main:111 - [27/50] → /data/dydtkddhkdwk/20251107_NameCard/01_Background/output/aug_026.png | cards=2
2025-11-07 15:11:16.892 | INFO     | __main__:main:111 - [28/50] → /data/dydtkddhkdwk/20251107_NameCard/01_Background/output/aug_027.png | cards=3
2025-11-07 15:11:16.984 | INFO     | __main__:main:111 - [29/50] → /data/dydtkddhkdwk/20251107_NameCard/01_Background/output/aug_028.png | cards=4
2025-11-07 15:11:17.048 | INFO     | __main__:main:111 - [30/50] → /data/dydtkddhkdwk/20251107_NameCard/01_Background/output/aug_029.png | cards=1
2025-11-07 15:11:17.106 | INFO     | __main__:main:111 - [31/50] → /data/dydtkddhkdwk/20251107_NameCard/01_Background/output/aug_030.png | cards=3
2025-11-07 15:11:17.188 | INFO     | __main__:main:111 - [32/50] → /data/dydtkddhkdwk/20251107_NameCard/01_Background/output/aug_031.png | cards=4
2025-11-07 15:11:17.254 | INFO     | __main__:main:111 - [33/50] → /data/dydtkddhkdwk/20251107_NameCard/01_Background/output/aug_032.png | cards=1
2025-11-07 15:11:17.335 | INFO     | __main__:main:111 - [34/50] → /data/dydtkddhkdwk/20251107_NameCard/01_Background/output/aug_033.png | cards=3
2025-11-07 15:11:17.412 | INFO     | __main__:main:111 - [35/50] → /data/dydtkddhkdwk/20251107_NameCard/01_Background/output/aug_034.png | cards=3
2025-11-07 15:11:17.498 | INFO     | __main__:main:111 - [36/50] → /data/dydtkddhkdwk/20251107_NameCard/01_Background/output/aug_035.png | cards=4
2025-11-07 15:11:17.588 | INFO     | __main__:main:111 - [37/50] → /data/dydtkddhkdwk/20251107_NameCard/01_Background/output/aug_036.png | cards=4
2025-11-07 15:11:17.655 | INFO     | __main__:main:111 - [38/50] → /data/dydtkddhkdwk/20251107_NameCard/01_Background/output/aug_037.png | cards=2
2025-11-07 15:11:17.737 | INFO     | __main__:main:111 - [39/50] → /data/dydtkddhkdwk/20251107_NameCard/01_Background/output/aug_038.png | cards=4
2025-11-07 15:11:17.808 | INFO     | __main__:main:111 - [40/50] → /data/dydtkddhkdwk/20251107_NameCard/01_Background/output/aug_039.png | cards=4
2025-11-07 15:11:17.876 | INFO     | __main__:main:111 - [41/50] → /data/dydtkddhkdwk/20251107_NameCard/01_Background/output/aug_040.png | cards=3
2025-11-07 15:11:17.954 | INFO     | __main__:main:111 - [42/50] → /data/dydtkddhkdwk/20251107_NameCard/01_Background/output/aug_041.png | cards=2
2025-11-07 15:11:18.019 | INFO     | __main__:main:111 - [43/50] → /data/dydtkddhkdwk/20251107_NameCard/01_Background/output/aug_042.png | cards=1
2025-11-07 15:11:18.084 | INFO     | __main__:main:111 - [44/50] → /data/dydtkddhkdwk/20251107_NameCard/01_Background/output/aug_043.png | cards=1
2025-11-07 15:11:18.145 | INFO     | __main__:main:111 - [45/50] → /data/dydtkddhkdwk/20251107_NameCard/01_Background/output/aug_044.png | cards=2
2025-11-07 15:11:18.211 | INFO     | __main__:main:111 - [46/50] → /data/dydtkddhkdwk/20251107_NameCard/01_Background/output/aug_045.png | cards=3
2025-11-07 15:11:18.288 | INFO     | __main__:main:111 - [47/50] → /data/dydtkddhkdwk/20251107_NameCard/01_Background/output/aug_046.png | cards=3
2025-11-07 15:11:18.351 | INFO     | __main__:main:111 - [48/50] → /data/dydtkddhkdwk/20251107_NameCard/01_Background/output/aug_047.png | cards=3
2025-11-07 15:11:18.421 | INFO     | __main__:main:111 - [49/50] → /data/dydtkddhkdwk/20251107_NameCard/01_Background/output/aug_048.png | cards=1
2025-11-07 15:11:18.493 | INFO     | __main__:main:111 - [50/50] → /data/dydtkddhkdwk/20251107_NameCard/01_Background/output/aug_049.png | cards=4
2025-11-07 15:11:18.493 | INFO     | __main__:main:113 - ✅ All augmentations complete.
2025-11-07 15:14:41.590 | INFO     | __main__:main:114 - Loaded 4 cards and 49 backgrounds
2025-11-07 15:14:41.867 | INFO     | __main__:main:125 - [1/100] /data/dydtkddhkdwk/20251107_NameCard/01_Background/output/aug_000.png | cards=2
2025-11-07 15:14:42.125 | INFO     | __main__:main:125 - [2/100] /data/dydtkddhkdwk/20251107_NameCard/01_Background/output/aug_001.png | cards=3
2025-11-07 15:14:42.354 | INFO     | __main__:main:125 - [3/100] /data/dydtkddhkdwk/20251107_NameCard/01_Background/output/aug_002.png | cards=2
2025-11-07 15:14:42.527 | INFO     | __main__:main:125 - [4/100] /data/dydtkddhkdwk/20251107_NameCard/01_Background/output/aug_003.png | cards=1
2025-11-07 15:14:42.785 | INFO     | __main__:main:125 - [5/100] /data/dydtkddhkdwk/20251107_NameCard/01_Background/output/aug_004.png | cards=2
2025-11-07 15:14:42.985 | INFO     | __main__:main:125 - [6/100] /data/dydtkddhkdwk/20251107_NameCard/01_Background/output/aug_005.png | cards=2
2025-11-07 15:14:43.251 | INFO     | __main__:main:125 - [7/100] /data/dydtkddhkdwk/20251107_NameCard/01_Background/output/aug_006.png | cards=3
2025-11-07 15:14:43.452 | INFO     | __main__:main:125 - [8/100] /data/dydtkddhkdwk/20251107_NameCard/01_Background/output/aug_007.png | cards=2
2025-11-07 15:14:43.697 | INFO     | __main__:main:125 - [9/100] /data/dydtkddhkdwk/20251107_NameCard/01_Background/output/aug_008.png | cards=3
2025-11-07 15:14:43.878 | INFO     | __main__:main:125 - [10/100] /data/dydtkddhkdwk/20251107_NameCard/01_Background/output/aug_009.png | cards=1
2025-11-07 15:14:44.083 | INFO     | __main__:main:125 - [11/100] /data/dydtkddhkdwk/20251107_NameCard/01_Background/output/aug_010.png | cards=3
2025-11-07 15:14:44.251 | INFO     | __main__:main:125 - [12/100] /data/dydtkddhkdwk/20251107_NameCard/01_Background/output/aug_011.png | cards=1
2025-11-07 15:14:44.529 | INFO     | __main__:main:125 - [13/100] /data/dydtkddhkdwk/20251107_NameCard/01_Background/output/aug_012.png | cards=3
2025-11-07 15:14:44.826 | INFO     | __main__:main:125 - [14/100] /data/dydtkddhkdwk/20251107_NameCard/01_Background/output/aug_013.png | cards=3
2025-11-07 15:14:44.972 | INFO     | __main__:main:125 - [15/100] /data/dydtkddhkdwk/20251107_NameCard/01_Background/output/aug_014.png | cards=1
2025-11-07 15:14:45.213 | INFO     | __main__:main:125 - [16/100] /data/dydtkddhkdwk/20251107_NameCard/01_Background/output/aug_015.png | cards=2
2025-11-07 15:14:45.502 | INFO     | __main__:main:125 - [17/100] /data/dydtkddhkdwk/20251107_NameCard/01_Background/output/aug_016.png | cards=3
2025-11-07 15:14:45.969 | INFO     | __main__:main:125 - [18/100] /data/dydtkddhkdwk/20251107_NameCard/01_Background/output/aug_017.png | cards=3
2025-11-07 15:14:46.236 | INFO     | __main__:main:125 - [19/100] /data/dydtkddhkdwk/20251107_NameCard/01_Background/output/aug_018.png | cards=3
2025-11-07 15:14:46.486 | INFO     | __main__:main:125 - [20/100] /data/dydtkddhkdwk/20251107_NameCard/01_Background/output/aug_019.png | cards=2
2025-11-07 15:14:46.628 | INFO     | __main__:main:125 - [21/100] /data/dydtkddhkdwk/20251107_NameCard/01_Background/output/aug_020.png | cards=1
2025-11-07 15:14:46.844 | INFO     | __main__:main:125 - [22/100] /data/dydtkddhkdwk/20251107_NameCard/01_Background/output/aug_021.png | cards=2
2025-11-07 15:14:47.099 | INFO     | __main__:main:125 - [23/100] /data/dydtkddhkdwk/20251107_NameCard/01_Background/output/aug_022.png | cards=2
2025-11-07 15:14:47.254 | INFO     | __main__:main:125 - [24/100] /data/dydtkddhkdwk/20251107_NameCard/01_Background/output/aug_023.png | cards=1
2025-11-07 15:14:47.461 | INFO     | __main__:main:125 - [25/100] /data/dydtkddhkdwk/20251107_NameCard/01_Background/output/aug_024.png | cards=2
2025-11-07 15:14:47.716 | INFO     | __main__:main:125 - [26/100] /data/dydtkddhkdwk/20251107_NameCard/01_Background/output/aug_025.png | cards=3
2025-11-07 15:14:47.882 | INFO     | __main__:main:125 - [27/100] /data/dydtkddhkdwk/20251107_NameCard/01_Background/output/aug_026.png | cards=1
2025-11-07 15:14:47.996 | INFO     | __main__:main:125 - [28/100] /data/dydtkddhkdwk/20251107_NameCard/01_Background/output/aug_027.png | cards=1
2025-11-07 15:14:48.184 | INFO     | __main__:main:125 - [29/100] /data/dydtkddhkdwk/20251107_NameCard/01_Background/output/aug_028.png | cards=1
2025-11-07 15:14:48.317 | INFO     | __main__:main:125 - [30/100] /data/dydtkddhkdwk/20251107_NameCard/01_Background/output/aug_029.png | cards=1
2025-11-07 15:14:48.579 | INFO     | __main__:main:125 - [31/100] /data/dydtkddhkdwk/20251107_NameCard/01_Background/output/aug_030.png | cards=3
2025-11-07 15:14:48.781 | INFO     | __main__:main:125 - [32/100] /data/dydtkddhkdwk/20251107_NameCard/01_Background/output/aug_031.png | cards=2
2025-11-07 15:14:48.987 | INFO     | __main__:main:125 - [33/100] /data/dydtkddhkdwk/20251107_NameCard/01_Background/output/aug_032.png | cards=2
2025-11-07 15:14:49.286 | INFO     | __main__:main:125 - [34/100] /data/dydtkddhkdwk/20251107_NameCard/01_Background/output/aug_033.png | cards=3
2025-11-07 15:14:49.479 | INFO     | __main__:main:125 - [35/100] /data/dydtkddhkdwk/20251107_NameCard/01_Background/output/aug_034.png | cards=1
2025-11-07 15:14:49.650 | INFO     | __main__:main:125 - [36/100] /data/dydtkddhkdwk/20251107_NameCard/01_Background/output/aug_035.png | cards=1
2025-11-07 15:14:49.843 | INFO     | __main__:main:125 - [37/100] /data/dydtkddhkdwk/20251107_NameCard/01_Background/output/aug_036.png | cards=2
2025-11-07 15:14:50.094 | INFO     | __main__:main:125 - [38/100] /data/dydtkddhkdwk/20251107_NameCard/01_Background/output/aug_037.png | cards=3
2025-11-07 15:14:50.257 | INFO     | __main__:main:125 - [39/100] /data/dydtkddhkdwk/20251107_NameCard/01_Background/output/aug_038.png | cards=1
2025-11-07 15:14:50.429 | INFO     | __main__:main:125 - [40/100] /data/dydtkddhkdwk/20251107_NameCard/01_Background/output/aug_039.png | cards=1
2025-11-07 15:14:50.616 | INFO     | __main__:main:125 - [41/100] /data/dydtkddhkdwk/20251107_NameCard/01_Background/output/aug_040.png | cards=2
2025-11-07 15:14:50.800 | INFO     | __main__:main:125 - [42/100] /data/dydtkddhkdwk/20251107_NameCard/01_Background/output/aug_041.png | cards=1
2025-11-07 15:14:51.094 | INFO     | __main__:main:125 - [43/100] /data/dydtkddhkdwk/20251107_NameCard/01_Background/output/aug_042.png | cards=3
2025-11-07 15:14:51.346 | INFO     | __main__:main:125 - [44/100] /data/dydtkddhkdwk/20251107_NameCard/01_Background/output/aug_043.png | cards=3
2025-11-07 15:14:51.604 | INFO     | __main__:main:125 - [45/100] /data/dydtkddhkdwk/20251107_NameCard/01_Background/output/aug_044.png | cards=3
2025-11-07 15:14:51.749 | INFO     | __main__:main:125 - [46/100] /data/dydtkddhkdwk/20251107_NameCard/01_Background/output/aug_045.png | cards=1
2025-11-07 15:14:51.904 | INFO     | __main__:main:125 - [47/100] /data/dydtkddhkdwk/20251107_NameCard/01_Background/output/aug_046.png | cards=1
2025-11-07 15:14:52.062 | INFO     | __main__:main:125 - [48/100] /data/dydtkddhkdwk/20251107_NameCard/01_Background/output/aug_047.png | cards=1
2025-11-07 15:14:52.302 | INFO     | __main__:main:125 - [49/100] /data/dydtkddhkdwk/20251107_NameCard/01_Background/output/aug_048.png | cards=2
2025-11-07 15:14:52.458 | INFO     | __main__:main:125 - [50/100] /data/dydtkddhkdwk/20251107_NameCard/01_Background/output/aug_049.png | cards=1
2025-11-07 15:14:52.731 | INFO     | __main__:main:125 - [51/100] /data/dydtkddhkdwk/20251107_NameCard/01_Background/output/aug_050.png | cards=3
2025-11-07 15:14:52.902 | INFO     | __main__:main:125 - [52/100] /data/dydtkddhkdwk/20251107_NameCard/01_Background/output/aug_051.png | cards=1
2025-11-07 15:14:53.188 | INFO     | __main__:main:125 - [53/100] /data/dydtkddhkdwk/20251107_NameCard/01_Background/output/aug_052.png | cards=3
2025-11-07 15:14:53.400 | INFO     | __main__:main:125 - [54/100] /data/dydtkddhkdwk/20251107_NameCard/01_Background/output/aug_053.png | cards=2
2025-11-07 15:14:53.554 | INFO     | __main__:main:125 - [55/100] /data/dydtkddhkdwk/20251107_NameCard/01_Background/output/aug_054.png | cards=1
2025-11-07 15:14:53.739 | INFO     | __main__:main:125 - [56/100] /data/dydtkddhkdwk/20251107_NameCard/01_Background/output/aug_055.png | cards=2
2025-11-07 15:14:53.960 | INFO     | __main__:main:125 - [57/100] /data/dydtkddhkdwk/20251107_NameCard/01_Background/output/aug_056.png | cards=2
2025-11-07 15:14:54.146 | INFO     | __main__:main:125 - [58/100] /data/dydtkddhkdwk/20251107_NameCard/01_Background/output/aug_057.png | cards=2
2025-11-07 15:14:54.391 | INFO     | __main__:main:125 - [59/100] /data/dydtkddhkdwk/20251107_NameCard/01_Background/output/aug_058.png | cards=3
2025-11-07 15:14:54.653 | INFO     | __main__:main:125 - [60/100] /data/dydtkddhkdwk/20251107_NameCard/01_Background/output/aug_059.png | cards=3
2025-11-07 15:14:54.904 | INFO     | __main__:main:125 - [61/100] /data/dydtkddhkdwk/20251107_NameCard/01_Background/output/aug_060.png | cards=2
2025-11-07 15:14:55.057 | INFO     | __main__:main:125 - [62/100] /data/dydtkddhkdwk/20251107_NameCard/01_Background/output/aug_061.png | cards=1
2025-11-07 15:14:55.303 | INFO     | __main__:main:125 - [63/100] /data/dydtkddhkdwk/20251107_NameCard/01_Background/output/aug_062.png | cards=3
2025-11-07 15:14:55.592 | INFO     | __main__:main:125 - [64/100] /data/dydtkddhkdwk/20251107_NameCard/01_Background/output/aug_063.png | cards=3
2025-11-07 15:14:55.743 | INFO     | __main__:main:125 - [65/100] /data/dydtkddhkdwk/20251107_NameCard/01_Background/output/aug_064.png | cards=1
2025-11-07 15:14:55.968 | INFO     | __main__:main:125 - [66/100] /data/dydtkddhkdwk/20251107_NameCard/01_Background/output/aug_065.png | cards=2
2025-11-07 15:14:56.123 | INFO     | __main__:main:125 - [67/100] /data/dydtkddhkdwk/20251107_NameCard/01_Background/output/aug_066.png | cards=1
2025-11-07 15:14:56.294 | INFO     | __main__:main:125 - [68/100] /data/dydtkddhkdwk/20251107_NameCard/01_Background/output/aug_067.png | cards=2
2025-11-07 15:14:56.592 | INFO     | __main__:main:125 - [69/100] /data/dydtkddhkdwk/20251107_NameCard/01_Background/output/aug_068.png | cards=3
2025-11-07 15:14:56.762 | INFO     | __main__:main:125 - [70/100] /data/dydtkddhkdwk/20251107_NameCard/01_Background/output/aug_069.png | cards=2
2025-11-07 15:14:57.010 | INFO     | __main__:main:125 - [71/100] /data/dydtkddhkdwk/20251107_NameCard/01_Background/output/aug_070.png | cards=3
2025-11-07 15:14:57.177 | INFO     | __main__:main:125 - [72/100] /data/dydtkddhkdwk/20251107_NameCard/01_Background/output/aug_071.png | cards=1
2025-11-07 15:14:57.330 | INFO     | __main__:main:125 - [73/100] /data/dydtkddhkdwk/20251107_NameCard/01_Background/output/aug_072.png | cards=1
2025-11-07 15:14:57.511 | INFO     | __main__:main:125 - [74/100] /data/dydtkddhkdwk/20251107_NameCard/01_Background/output/aug_073.png | cards=1
2025-11-07 15:14:57.805 | INFO     | __main__:main:125 - [75/100] /data/dydtkddhkdwk/20251107_NameCard/01_Background/output/aug_074.png | cards=3
2025-11-07 15:14:57.924 | INFO     | __main__:main:125 - [76/100] /data/dydtkddhkdwk/20251107_NameCard/01_Background/output/aug_075.png | cards=1
2025-11-07 15:14:58.072 | INFO     | __main__:main:125 - [77/100] /data/dydtkddhkdwk/20251107_NameCard/01_Background/output/aug_076.png | cards=1
2025-11-07 15:14:58.206 | INFO     | __main__:main:125 - [78/100] /data/dydtkddhkdwk/20251107_NameCard/01_Background/output/aug_077.png | cards=1
2025-11-07 15:14:58.363 | INFO     | __main__:main:125 - [79/100] /data/dydtkddhkdwk/20251107_NameCard/01_Background/output/aug_078.png | cards=1
2025-11-07 15:14:58.520 | INFO     | __main__:main:125 - [80/100] /data/dydtkddhkdwk/20251107_NameCard/01_Background/output/aug_079.png | cards=1
2025-11-07 15:14:58.671 | INFO     | __main__:main:125 - [81/100] /data/dydtkddhkdwk/20251107_NameCard/01_Background/output/aug_080.png | cards=1
2025-11-07 15:14:58.934 | INFO     | __main__:main:125 - [82/100] /data/dydtkddhkdwk/20251107_NameCard/01_Background/output/aug_081.png | cards=3
2025-11-07 15:14:59.200 | INFO     | __main__:main:125 - [83/100] /data/dydtkddhkdwk/20251107_NameCard/01_Background/output/aug_082.png | cards=3
2025-11-07 15:14:59.374 | INFO     | __main__:main:125 - [84/100] /data/dydtkddhkdwk/20251107_NameCard/01_Background/output/aug_083.png | cards=1
2025-11-07 15:14:59.567 | INFO     | __main__:main:125 - [85/100] /data/dydtkddhkdwk/20251107_NameCard/01_Background/output/aug_084.png | cards=2
2025-11-07 15:14:59.842 | INFO     | __main__:main:125 - [86/100] /data/dydtkddhkdwk/20251107_NameCard/01_Background/output/aug_085.png | cards=3
2025-11-07 15:14:59.980 | INFO     | __main__:main:125 - [87/100] /data/dydtkddhkdwk/20251107_NameCard/01_Background/output/aug_086.png | cards=1
2025-11-07 15:15:00.214 | INFO     | __main__:main:125 - [88/100] /data/dydtkddhkdwk/20251107_NameCard/01_Background/output/aug_087.png | cards=3
2025-11-07 15:15:00.501 | INFO     | __main__:main:125 - [89/100] /data/dydtkddhkdwk/20251107_NameCard/01_Background/output/aug_088.png | cards=3
2025-11-07 15:15:00.701 | INFO     | __main__:main:125 - [90/100] /data/dydtkddhkdwk/20251107_NameCard/01_Background/output/aug_089.png | cards=1
2025-11-07 15:15:00.874 | INFO     | __main__:main:125 - [91/100] /data/dydtkddhkdwk/20251107_NameCard/01_Background/output/aug_090.png | cards=1
2025-11-07 15:15:01.097 | INFO     | __main__:main:125 - [92/100] /data/dydtkddhkdwk/20251107_NameCard/01_Background/output/aug_091.png | cards=2
2025-11-07 15:15:01.265 | INFO     | __main__:main:125 - [93/100] /data/dydtkddhkdwk/20251107_NameCard/01_Background/output/aug_092.png | cards=1
2025-11-07 15:15:01.463 | INFO     | __main__:main:125 - [94/100] /data/dydtkddhkdwk/20251107_NameCard/01_Background/output/aug_093.png | cards=2
2025-11-07 15:15:01.601 | INFO     | __main__:main:125 - [95/100] /data/dydtkddhkdwk/20251107_NameCard/01_Background/output/aug_094.png | cards=1
2025-11-07 15:15:01.785 | INFO     | __main__:main:125 - [96/100] /data/dydtkddhkdwk/20251107_NameCard/01_Background/output/aug_095.png | cards=1
2025-11-07 15:15:02.082 | INFO     | __main__:main:125 - [97/100] /data/dydtkddhkdwk/20251107_NameCard/01_Background/output/aug_096.png | cards=3
2025-11-07 15:15:02.276 | INFO     | __main__:main:125 - [98/100] /data/dydtkddhkdwk/20251107_NameCard/01_Background/output/aug_097.png | cards=2
2025-11-07 15:15:02.485 | INFO     | __main__:main:125 - [99/100] /data/dydtkddhkdwk/20251107_NameCard/01_Background/output/aug_098.png | cards=2
2025-11-07 15:15:02.707 | INFO     | __main__:main:125 - [100/100] /data/dydtkddhkdwk/20251107_NameCard/01_Background/output/aug_099.png | cards=2
2025-11-07 15:15:02.708 | INFO     | __main__:main:127 - ✅ All augmentations complete.
2025-11-07 15:20:59.390 | INFO     | __main__:main:117 - Loaded 4 cards and 49 backgrounds.
2025-11-07 15:20:59.524 | INFO     | __main__:main:125 - [1/100] /data/dydtkddhkdwk/20251107_NameCard/01_Background/output/aug_000.png | cards=2
2025-11-07 15:20:59.634 | INFO     | __main__:main:125 - [2/100] /data/dydtkddhkdwk/20251107_NameCard/01_Background/output/aug_001.png | cards=3
2025-11-07 15:20:59.734 | INFO     | __main__:main:125 - [3/100] /data/dydtkddhkdwk/20251107_NameCard/01_Background/output/aug_002.png | cards=2
2025-11-07 15:20:59.847 | INFO     | __main__:main:125 - [4/100] /data/dydtkddhkdwk/20251107_NameCard/01_Background/output/aug_003.png | cards=2
2025-11-07 15:20:59.924 | INFO     | __main__:main:125 - [5/100] /data/dydtkddhkdwk/20251107_NameCard/01_Background/output/aug_004.png | cards=3
2025-11-07 15:21:00.037 | INFO     | __main__:main:125 - [6/100] /data/dydtkddhkdwk/20251107_NameCard/01_Background/output/aug_005.png | cards=3
2025-11-07 15:21:00.137 | INFO     | __main__:main:125 - [7/100] /data/dydtkddhkdwk/20251107_NameCard/01_Background/output/aug_006.png | cards=3
2025-11-07 15:21:00.236 | INFO     | __main__:main:125 - [8/100] /data/dydtkddhkdwk/20251107_NameCard/01_Background/output/aug_007.png | cards=4
2025-11-07 15:21:00.344 | INFO     | __main__:main:125 - [9/100] /data/dydtkddhkdwk/20251107_NameCard/01_Background/output/aug_008.png | cards=3
2025-11-07 15:21:00.453 | INFO     | __main__:main:125 - [10/100] /data/dydtkddhkdwk/20251107_NameCard/01_Background/output/aug_009.png | cards=2
2025-11-07 15:21:00.550 | INFO     | __main__:main:125 - [11/100] /data/dydtkddhkdwk/20251107_NameCard/01_Background/output/aug_010.png | cards=4
2025-11-07 15:21:00.651 | INFO     | __main__:main:125 - [12/100] /data/dydtkddhkdwk/20251107_NameCard/01_Background/output/aug_011.png | cards=3
2025-11-07 15:21:00.750 | INFO     | __main__:main:125 - [13/100] /data/dydtkddhkdwk/20251107_NameCard/01_Background/output/aug_012.png | cards=2
2025-11-07 15:21:00.857 | INFO     | __main__:main:125 - [14/100] /data/dydtkddhkdwk/20251107_NameCard/01_Background/output/aug_013.png | cards=2
2025-11-07 15:21:00.977 | INFO     | __main__:main:125 - [15/100] /data/dydtkddhkdwk/20251107_NameCard/01_Background/output/aug_014.png | cards=2
2025-11-07 15:21:01.068 | INFO     | __main__:main:125 - [16/100] /data/dydtkddhkdwk/20251107_NameCard/01_Background/output/aug_015.png | cards=4
2025-11-07 15:21:01.184 | INFO     | __main__:main:125 - [17/100] /data/dydtkddhkdwk/20251107_NameCard/01_Background/output/aug_016.png | cards=2
2025-11-07 15:21:01.265 | INFO     | __main__:main:125 - [18/100] /data/dydtkddhkdwk/20251107_NameCard/01_Background/output/aug_017.png | cards=2
2025-11-07 15:21:01.385 | INFO     | __main__:main:125 - [19/100] /data/dydtkddhkdwk/20251107_NameCard/01_Background/output/aug_018.png | cards=2
2025-11-07 15:21:01.485 | INFO     | __main__:main:125 - [20/100] /data/dydtkddhkdwk/20251107_NameCard/01_Background/output/aug_019.png | cards=3
2025-11-07 15:21:01.576 | INFO     | __main__:main:125 - [21/100] /data/dydtkddhkdwk/20251107_NameCard/01_Background/output/aug_020.png | cards=4
2025-11-07 15:21:01.675 | INFO     | __main__:main:125 - [22/100] /data/dydtkddhkdwk/20251107_NameCard/01_Background/output/aug_021.png | cards=3
2025-11-07 15:21:01.776 | INFO     | __main__:main:125 - [23/100] /data/dydtkddhkdwk/20251107_NameCard/01_Background/output/aug_022.png | cards=4
2025-11-07 15:21:01.874 | INFO     | __main__:main:125 - [24/100] /data/dydtkddhkdwk/20251107_NameCard/01_Background/output/aug_023.png | cards=2
2025-11-07 15:21:01.953 | INFO     | __main__:main:125 - [25/100] /data/dydtkddhkdwk/20251107_NameCard/01_Background/output/aug_024.png | cards=4
2025-11-07 15:21:02.052 | INFO     | __main__:main:125 - [26/100] /data/dydtkddhkdwk/20251107_NameCard/01_Background/output/aug_025.png | cards=2
2025-11-07 15:21:02.154 | INFO     | __main__:main:125 - [27/100] /data/dydtkddhkdwk/20251107_NameCard/01_Background/output/aug_026.png | cards=4
2025-11-07 15:21:02.273 | INFO     | __main__:main:125 - [28/100] /data/dydtkddhkdwk/20251107_NameCard/01_Background/output/aug_027.png | cards=3
2025-11-07 15:21:02.384 | INFO     | __main__:main:125 - [29/100] /data/dydtkddhkdwk/20251107_NameCard/01_Background/output/aug_028.png | cards=3
2025-11-07 15:21:02.500 | INFO     | __main__:main:125 - [30/100] /data/dydtkddhkdwk/20251107_NameCard/01_Background/output/aug_029.png | cards=2
2025-11-07 15:21:02.612 | INFO     | __main__:main:125 - [31/100] /data/dydtkddhkdwk/20251107_NameCard/01_Background/output/aug_030.png | cards=3
2025-11-07 15:21:02.730 | INFO     | __main__:main:125 - [32/100] /data/dydtkddhkdwk/20251107_NameCard/01_Background/output/aug_031.png | cards=3
2025-11-07 15:21:02.832 | INFO     | __main__:main:125 - [33/100] /data/dydtkddhkdwk/20251107_NameCard/01_Background/output/aug_032.png | cards=3
2025-11-07 15:21:02.944 | INFO     | __main__:main:125 - [34/100] /data/dydtkddhkdwk/20251107_NameCard/01_Background/output/aug_033.png | cards=2
2025-11-07 15:21:03.044 | INFO     | __main__:main:125 - [35/100] /data/dydtkddhkdwk/20251107_NameCard/01_Background/output/aug_034.png | cards=4
2025-11-07 15:21:03.153 | INFO     | __main__:main:125 - [36/100] /data/dydtkddhkdwk/20251107_NameCard/01_Background/output/aug_035.png | cards=3
2025-11-07 15:21:03.275 | INFO     | __main__:main:125 - [37/100] /data/dydtkddhkdwk/20251107_NameCard/01_Background/output/aug_036.png | cards=3
2025-11-07 15:21:03.396 | INFO     | __main__:main:125 - [38/100] /data/dydtkddhkdwk/20251107_NameCard/01_Background/output/aug_037.png | cards=2
2025-11-07 15:21:03.519 | INFO     | __main__:main:125 - [39/100] /data/dydtkddhkdwk/20251107_NameCard/01_Background/output/aug_038.png | cards=4
2025-11-07 15:21:03.599 | INFO     | __main__:main:125 - [40/100] /data/dydtkddhkdwk/20251107_NameCard/01_Background/output/aug_039.png | cards=2
2025-11-07 15:21:03.692 | INFO     | __main__:main:125 - [41/100] /data/dydtkddhkdwk/20251107_NameCard/01_Background/output/aug_040.png | cards=4
2025-11-07 15:21:03.800 | INFO     | __main__:main:125 - [42/100] /data/dydtkddhkdwk/20251107_NameCard/01_Background/output/aug_041.png | cards=4
2025-11-07 15:21:03.913 | INFO     | __main__:main:125 - [43/100] /data/dydtkddhkdwk/20251107_NameCard/01_Background/output/aug_042.png | cards=3
2025-11-07 15:21:03.998 | INFO     | __main__:main:125 - [44/100] /data/dydtkddhkdwk/20251107_NameCard/01_Background/output/aug_043.png | cards=4
2025-11-07 15:21:04.113 | INFO     | __main__:main:125 - [45/100] /data/dydtkddhkdwk/20251107_NameCard/01_Background/output/aug_044.png | cards=2
2025-11-07 15:21:04.236 | INFO     | __main__:main:125 - [46/100] /data/dydtkddhkdwk/20251107_NameCard/01_Background/output/aug_045.png | cards=2
2025-11-07 15:21:04.351 | INFO     | __main__:main:125 - [47/100] /data/dydtkddhkdwk/20251107_NameCard/01_Background/output/aug_046.png | cards=3
2025-11-07 15:21:04.464 | INFO     | __main__:main:125 - [48/100] /data/dydtkddhkdwk/20251107_NameCard/01_Background/output/aug_047.png | cards=2
2025-11-07 15:21:04.582 | INFO     | __main__:main:125 - [49/100] /data/dydtkddhkdwk/20251107_NameCard/01_Background/output/aug_048.png | cards=4
2025-11-07 15:21:04.670 | INFO     | __main__:main:125 - [50/100] /data/dydtkddhkdwk/20251107_NameCard/01_Background/output/aug_049.png | cards=2
2025-11-07 15:21:04.781 | INFO     | __main__:main:125 - [51/100] /data/dydtkddhkdwk/20251107_NameCard/01_Background/output/aug_050.png | cards=4
2025-11-07 15:21:04.868 | INFO     | __main__:main:125 - [52/100] /data/dydtkddhkdwk/20251107_NameCard/01_Background/output/aug_051.png | cards=2
2025-11-07 15:21:04.983 | INFO     | __main__:main:125 - [53/100] /data/dydtkddhkdwk/20251107_NameCard/01_Background/output/aug_052.png | cards=3
2025-11-07 15:21:05.098 | INFO     | __main__:main:125 - [54/100] /data/dydtkddhkdwk/20251107_NameCard/01_Background/output/aug_053.png | cards=2
2025-11-07 15:21:05.209 | INFO     | __main__:main:125 - [55/100] /data/dydtkddhkdwk/20251107_NameCard/01_Background/output/aug_054.png | cards=3
2025-11-07 15:21:05.316 | INFO     | __main__:main:125 - [56/100] /data/dydtkddhkdwk/20251107_NameCard/01_Background/output/aug_055.png | cards=2
2025-11-07 15:21:05.388 | INFO     | __main__:main:125 - [57/100] /data/dydtkddhkdwk/20251107_NameCard/01_Background/output/aug_056.png | cards=4
2025-11-07 15:21:05.483 | INFO     | __main__:main:125 - [58/100] /data/dydtkddhkdwk/20251107_NameCard/01_Background/output/aug_057.png | cards=4
2025-11-07 15:21:05.567 | INFO     | __main__:main:125 - [59/100] /data/dydtkddhkdwk/20251107_NameCard/01_Background/output/aug_058.png | cards=3
2025-11-07 15:21:05.675 | INFO     | __main__:main:125 - [60/100] /data/dydtkddhkdwk/20251107_NameCard/01_Background/output/aug_059.png | cards=4
2025-11-07 15:21:05.792 | INFO     | __main__:main:125 - [61/100] /data/dydtkddhkdwk/20251107_NameCard/01_Background/output/aug_060.png | cards=2
2025-11-07 15:21:05.897 | INFO     | __main__:main:125 - [62/100] /data/dydtkddhkdwk/20251107_NameCard/01_Background/output/aug_061.png | cards=3
2025-11-07 15:21:05.979 | INFO     | __main__:main:125 - [63/100] /data/dydtkddhkdwk/20251107_NameCard/01_Background/output/aug_062.png | cards=4
2025-11-07 15:21:06.093 | INFO     | __main__:main:125 - [64/100] /data/dydtkddhkdwk/20251107_NameCard/01_Background/output/aug_063.png | cards=4
2025-11-07 15:21:06.200 | INFO     | __main__:main:125 - [65/100] /data/dydtkddhkdwk/20251107_NameCard/01_Background/output/aug_064.png | cards=4
2025-11-07 15:21:06.284 | INFO     | __main__:main:125 - [66/100] /data/dydtkddhkdwk/20251107_NameCard/01_Background/output/aug_065.png | cards=4
2025-11-07 15:21:06.382 | INFO     | __main__:main:125 - [67/100] /data/dydtkddhkdwk/20251107_NameCard/01_Background/output/aug_066.png | cards=3
2025-11-07 15:21:06.497 | INFO     | __main__:main:125 - [68/100] /data/dydtkddhkdwk/20251107_NameCard/01_Background/output/aug_067.png | cards=3
2025-11-07 15:21:06.625 | INFO     | __main__:main:125 - [69/100] /data/dydtkddhkdwk/20251107_NameCard/01_Background/output/aug_068.png | cards=2
2025-11-07 15:21:06.744 | INFO     | __main__:main:125 - [70/100] /data/dydtkddhkdwk/20251107_NameCard/01_Background/output/aug_069.png | cards=3
2025-11-07 15:21:06.849 | INFO     | __main__:main:125 - [71/100] /data/dydtkddhkdwk/20251107_NameCard/01_Background/output/aug_070.png | cards=4
2025-11-07 15:21:06.932 | INFO     | __main__:main:125 - [72/100] /data/dydtkddhkdwk/20251107_NameCard/01_Background/output/aug_071.png | cards=4
2025-11-07 15:21:07.040 | INFO     | __main__:main:125 - [73/100] /data/dydtkddhkdwk/20251107_NameCard/01_Background/output/aug_072.png | cards=2
2025-11-07 15:21:07.159 | INFO     | __main__:main:125 - [74/100] /data/dydtkddhkdwk/20251107_NameCard/01_Background/output/aug_073.png | cards=3
2025-11-07 15:21:07.276 | INFO     | __main__:main:125 - [75/100] /data/dydtkddhkdwk/20251107_NameCard/01_Background/output/aug_074.png | cards=2
2025-11-07 15:21:07.381 | INFO     | __main__:main:125 - [76/100] /data/dydtkddhkdwk/20251107_NameCard/01_Background/output/aug_075.png | cards=4
2025-11-07 15:21:07.489 | INFO     | __main__:main:125 - [77/100] /data/dydtkddhkdwk/20251107_NameCard/01_Background/output/aug_076.png | cards=4
2025-11-07 15:21:07.594 | INFO     | __main__:main:125 - [78/100] /data/dydtkddhkdwk/20251107_NameCard/01_Background/output/aug_077.png | cards=3
2025-11-07 15:21:07.709 | INFO     | __main__:main:125 - [79/100] /data/dydtkddhkdwk/20251107_NameCard/01_Background/output/aug_078.png | cards=4
2025-11-07 15:21:07.814 | INFO     | __main__:main:125 - [80/100] /data/dydtkddhkdwk/20251107_NameCard/01_Background/output/aug_079.png | cards=4
2025-11-07 15:21:07.933 | INFO     | __main__:main:125 - [81/100] /data/dydtkddhkdwk/20251107_NameCard/01_Background/output/aug_080.png | cards=2
2025-11-07 15:21:08.055 | INFO     | __main__:main:125 - [82/100] /data/dydtkddhkdwk/20251107_NameCard/01_Background/output/aug_081.png | cards=4
2025-11-07 15:21:08.142 | INFO     | __main__:main:125 - [83/100] /data/dydtkddhkdwk/20251107_NameCard/01_Background/output/aug_082.png | cards=4
2025-11-07 15:21:08.226 | INFO     | __main__:main:125 - [84/100] /data/dydtkddhkdwk/20251107_NameCard/01_Background/output/aug_083.png | cards=3
2025-11-07 15:21:08.330 | INFO     | __main__:main:125 - [85/100] /data/dydtkddhkdwk/20251107_NameCard/01_Background/output/aug_084.png | cards=3
2025-11-07 15:21:08.435 | INFO     | __main__:main:125 - [86/100] /data/dydtkddhkdwk/20251107_NameCard/01_Background/output/aug_085.png | cards=3
2025-11-07 15:21:08.545 | INFO     | __main__:main:125 - [87/100] /data/dydtkddhkdwk/20251107_NameCard/01_Background/output/aug_086.png | cards=2
2025-11-07 15:21:08.651 | INFO     | __main__:main:125 - [88/100] /data/dydtkddhkdwk/20251107_NameCard/01_Background/output/aug_087.png | cards=4
2025-11-07 15:21:08.768 | INFO     | __main__:main:125 - [89/100] /data/dydtkddhkdwk/20251107_NameCard/01_Background/output/aug_088.png | cards=2
2025-11-07 15:21:08.863 | INFO     | __main__:main:125 - [90/100] /data/dydtkddhkdwk/20251107_NameCard/01_Background/output/aug_089.png | cards=4
2025-11-07 15:21:08.970 | INFO     | __main__:main:125 - [91/100] /data/dydtkddhkdwk/20251107_NameCard/01_Background/output/aug_090.png | cards=4
2025-11-07 15:21:09.084 | INFO     | __main__:main:125 - [92/100] /data/dydtkddhkdwk/20251107_NameCard/01_Background/output/aug_091.png | cards=2
2025-11-07 15:21:09.201 | INFO     | __main__:main:125 - [93/100] /data/dydtkddhkdwk/20251107_NameCard/01_Background/output/aug_092.png | cards=3
2025-11-07 15:21:09.296 | INFO     | __main__:main:125 - [94/100] /data/dydtkddhkdwk/20251107_NameCard/01_Background/output/aug_093.png | cards=3
2025-11-07 15:21:09.412 | INFO     | __main__:main:125 - [95/100] /data/dydtkddhkdwk/20251107_NameCard/01_Background/output/aug_094.png | cards=4
2025-11-07 15:21:09.519 | INFO     | __main__:main:125 - [96/100] /data/dydtkddhkdwk/20251107_NameCard/01_Background/output/aug_095.png | cards=4
2025-11-07 15:21:09.632 | INFO     | __main__:main:125 - [97/100] /data/dydtkddhkdwk/20251107_NameCard/01_Background/output/aug_096.png | cards=3
2025-11-07 15:21:09.750 | INFO     | __main__:main:125 - [98/100] /data/dydtkddhkdwk/20251107_NameCard/01_Background/output/aug_097.png | cards=3
2025-11-07 15:21:09.858 | INFO     | __main__:main:125 - [99/100] /data/dydtkddhkdwk/20251107_NameCard/01_Background/output/aug_098.png | cards=3
2025-11-07 15:21:09.971 | INFO     | __main__:main:125 - [100/100] /data/dydtkddhkdwk/20251107_NameCard/01_Background/output/aug_099.png | cards=3
2025-11-07 15:21:09.971 | INFO     | __main__:main:127 - ✅ All augmentations complete.
2025-11-07 15:24:25.762 | INFO     | __main__:main:131 - Loaded 4 cards and 49 backgrounds
2025-11-07 15:24:25.943 | INFO     | __main__:main:140 - [1/100] /data/dydtkddhkdwk/20251107_NameCard/01_Background/output/aug_000.png | cards=4
2025-11-07 15:24:26.068 | INFO     | __main__:main:140 - [2/100] /data/dydtkddhkdwk/20251107_NameCard/01_Background/output/aug_001.png | cards=4
2025-11-07 15:24:26.189 | INFO     | __main__:main:140 - [3/100] /data/dydtkddhkdwk/20251107_NameCard/01_Background/output/aug_002.png | cards=4
2025-11-07 15:24:26.302 | INFO     | __main__:main:140 - [4/100] /data/dydtkddhkdwk/20251107_NameCard/01_Background/output/aug_003.png | cards=4
2025-11-07 15:24:26.408 | INFO     | __main__:main:140 - [5/100] /data/dydtkddhkdwk/20251107_NameCard/01_Background/output/aug_004.png | cards=4
2025-11-07 15:24:26.523 | INFO     | __main__:main:140 - [6/100] /data/dydtkddhkdwk/20251107_NameCard/01_Background/output/aug_005.png | cards=4
2025-11-07 15:24:26.639 | INFO     | __main__:main:140 - [7/100] /data/dydtkddhkdwk/20251107_NameCard/01_Background/output/aug_006.png | cards=4
2025-11-07 15:24:26.754 | INFO     | __main__:main:140 - [8/100] /data/dydtkddhkdwk/20251107_NameCard/01_Background/output/aug_007.png | cards=2
2025-11-07 15:24:26.868 | INFO     | __main__:main:140 - [9/100] /data/dydtkddhkdwk/20251107_NameCard/01_Background/output/aug_008.png | cards=2
2025-11-07 15:24:26.993 | INFO     | __main__:main:140 - [10/100] /data/dydtkddhkdwk/20251107_NameCard/01_Background/output/aug_009.png | cards=3
2025-11-07 15:24:27.086 | INFO     | __main__:main:140 - [11/100] /data/dydtkddhkdwk/20251107_NameCard/01_Background/output/aug_010.png | cards=3
2025-11-07 15:24:27.199 | INFO     | __main__:main:140 - [12/100] /data/dydtkddhkdwk/20251107_NameCard/01_Background/output/aug_011.png | cards=2
2025-11-07 15:24:27.320 | INFO     | __main__:main:140 - [13/100] /data/dydtkddhkdwk/20251107_NameCard/01_Background/output/aug_012.png | cards=4
2025-11-07 15:24:27.440 | INFO     | __main__:main:140 - [14/100] /data/dydtkddhkdwk/20251107_NameCard/01_Background/output/aug_013.png | cards=4
2025-11-07 15:24:27.562 | INFO     | __main__:main:140 - [15/100] /data/dydtkddhkdwk/20251107_NameCard/01_Background/output/aug_014.png | cards=4
2025-11-07 15:24:27.650 | INFO     | __main__:main:140 - [16/100] /data/dydtkddhkdwk/20251107_NameCard/01_Background/output/aug_015.png | cards=4
2025-11-07 15:24:27.777 | INFO     | __main__:main:140 - [17/100] /data/dydtkddhkdwk/20251107_NameCard/01_Background/output/aug_016.png | cards=4
2025-11-07 15:24:27.907 | INFO     | __main__:main:140 - [18/100] /data/dydtkddhkdwk/20251107_NameCard/01_Background/output/aug_017.png | cards=2
2025-11-07 15:24:28.021 | INFO     | __main__:main:140 - [19/100] /data/dydtkddhkdwk/20251107_NameCard/01_Background/output/aug_018.png | cards=2
2025-11-07 15:24:28.103 | INFO     | __main__:main:140 - [20/100] /data/dydtkddhkdwk/20251107_NameCard/01_Background/output/aug_019.png | cards=2
2025-11-07 15:24:28.219 | INFO     | __main__:main:140 - [21/100] /data/dydtkddhkdwk/20251107_NameCard/01_Background/output/aug_020.png | cards=4
2025-11-07 15:24:28.344 | INFO     | __main__:main:140 - [22/100] /data/dydtkddhkdwk/20251107_NameCard/01_Background/output/aug_021.png | cards=2
2025-11-07 15:24:28.457 | INFO     | __main__:main:140 - [23/100] /data/dydtkddhkdwk/20251107_NameCard/01_Background/output/aug_022.png | cards=2
2025-11-07 15:24:28.546 | INFO     | __main__:main:140 - [24/100] /data/dydtkddhkdwk/20251107_NameCard/01_Background/output/aug_023.png | cards=3
2025-11-07 15:24:28.664 | INFO     | __main__:main:140 - [25/100] /data/dydtkddhkdwk/20251107_NameCard/01_Background/output/aug_024.png | cards=4
2025-11-07 15:24:28.780 | INFO     | __main__:main:140 - [26/100] /data/dydtkddhkdwk/20251107_NameCard/01_Background/output/aug_025.png | cards=3
2025-11-07 15:24:28.882 | INFO     | __main__:main:140 - [27/100] /data/dydtkddhkdwk/20251107_NameCard/01_Background/output/aug_026.png | cards=4
2025-11-07 15:24:28.986 | INFO     | __main__:main:140 - [28/100] /data/dydtkddhkdwk/20251107_NameCard/01_Background/output/aug_027.png | cards=2
2025-11-07 15:24:29.108 | INFO     | __main__:main:140 - [29/100] /data/dydtkddhkdwk/20251107_NameCard/01_Background/output/aug_028.png | cards=2
2025-11-07 15:24:29.215 | INFO     | __main__:main:140 - [30/100] /data/dydtkddhkdwk/20251107_NameCard/01_Background/output/aug_029.png | cards=4
2025-11-07 15:24:29.308 | INFO     | __main__:main:140 - [31/100] /data/dydtkddhkdwk/20251107_NameCard/01_Background/output/aug_030.png | cards=2
2025-11-07 15:24:29.413 | INFO     | __main__:main:140 - [32/100] /data/dydtkddhkdwk/20251107_NameCard/01_Background/output/aug_031.png | cards=4
2025-11-07 15:24:29.496 | INFO     | __main__:main:140 - [33/100] /data/dydtkddhkdwk/20251107_NameCard/01_Background/output/aug_032.png | cards=2
2025-11-07 15:24:29.613 | INFO     | __main__:main:140 - [34/100] /data/dydtkddhkdwk/20251107_NameCard/01_Background/output/aug_033.png | cards=4
2025-11-07 15:24:29.725 | INFO     | __main__:main:140 - [35/100] /data/dydtkddhkdwk/20251107_NameCard/01_Background/output/aug_034.png | cards=2
2025-11-07 15:24:29.840 | INFO     | __main__:main:140 - [36/100] /data/dydtkddhkdwk/20251107_NameCard/01_Background/output/aug_035.png | cards=2
2025-11-07 15:24:29.948 | INFO     | __main__:main:140 - [37/100] /data/dydtkddhkdwk/20251107_NameCard/01_Background/output/aug_036.png | cards=3
2025-11-07 15:24:30.064 | INFO     | __main__:main:140 - [38/100] /data/dydtkddhkdwk/20251107_NameCard/01_Background/output/aug_037.png | cards=4
2025-11-07 15:24:30.180 | INFO     | __main__:main:140 - [39/100] /data/dydtkddhkdwk/20251107_NameCard/01_Background/output/aug_038.png | cards=3
2025-11-07 15:24:30.304 | INFO     | __main__:main:140 - [40/100] /data/dydtkddhkdwk/20251107_NameCard/01_Background/output/aug_039.png | cards=3
2025-11-07 15:24:30.390 | INFO     | __main__:main:140 - [41/100] /data/dydtkddhkdwk/20251107_NameCard/01_Background/output/aug_040.png | cards=3
2025-11-07 15:24:30.506 | INFO     | __main__:main:140 - [42/100] /data/dydtkddhkdwk/20251107_NameCard/01_Background/output/aug_041.png | cards=2
2025-11-07 15:24:30.598 | INFO     | __main__:main:140 - [43/100] /data/dydtkddhkdwk/20251107_NameCard/01_Background/output/aug_042.png | cards=2
2025-11-07 15:24:30.711 | INFO     | __main__:main:140 - [44/100] /data/dydtkddhkdwk/20251107_NameCard/01_Background/output/aug_043.png | cards=4
2025-11-07 15:24:30.821 | INFO     | __main__:main:140 - [45/100] /data/dydtkddhkdwk/20251107_NameCard/01_Background/output/aug_044.png | cards=2
2025-11-07 15:24:30.909 | INFO     | __main__:main:140 - [46/100] /data/dydtkddhkdwk/20251107_NameCard/01_Background/output/aug_045.png | cards=2
2025-11-07 15:24:30.991 | INFO     | __main__:main:140 - [47/100] /data/dydtkddhkdwk/20251107_NameCard/01_Background/output/aug_046.png | cards=2
2025-11-07 15:24:31.113 | INFO     | __main__:main:140 - [48/100] /data/dydtkddhkdwk/20251107_NameCard/01_Background/output/aug_047.png | cards=4
2025-11-07 15:24:31.226 | INFO     | __main__:main:140 - [49/100] /data/dydtkddhkdwk/20251107_NameCard/01_Background/output/aug_048.png | cards=3
2025-11-07 15:24:31.346 | INFO     | __main__:main:140 - [50/100] /data/dydtkddhkdwk/20251107_NameCard/01_Background/output/aug_049.png | cards=4
2025-11-07 15:24:31.464 | INFO     | __main__:main:140 - [51/100] /data/dydtkddhkdwk/20251107_NameCard/01_Background/output/aug_050.png | cards=3
2025-11-07 15:24:31.576 | INFO     | __main__:main:140 - [52/100] /data/dydtkddhkdwk/20251107_NameCard/01_Background/output/aug_051.png | cards=3
2025-11-07 15:24:31.697 | INFO     | __main__:main:140 - [53/100] /data/dydtkddhkdwk/20251107_NameCard/01_Background/output/aug_052.png | cards=2
2025-11-07 15:24:31.806 | INFO     | __main__:main:140 - [54/100] /data/dydtkddhkdwk/20251107_NameCard/01_Background/output/aug_053.png | cards=3
2025-11-07 15:24:31.916 | INFO     | __main__:main:140 - [55/100] /data/dydtkddhkdwk/20251107_NameCard/01_Background/output/aug_054.png | cards=4
2025-11-07 15:24:32.024 | INFO     | __main__:main:140 - [56/100] /data/dydtkddhkdwk/20251107_NameCard/01_Background/output/aug_055.png | cards=3
2025-11-07 15:24:32.144 | INFO     | __main__:main:140 - [57/100] /data/dydtkddhkdwk/20251107_NameCard/01_Background/output/aug_056.png | cards=4
2025-11-07 15:24:32.262 | INFO     | __main__:main:140 - [58/100] /data/dydtkddhkdwk/20251107_NameCard/01_Background/output/aug_057.png | cards=3
2025-11-07 15:24:32.377 | INFO     | __main__:main:140 - [59/100] /data/dydtkddhkdwk/20251107_NameCard/01_Background/output/aug_058.png | cards=3
2025-11-07 15:24:32.476 | INFO     | __main__:main:140 - [60/100] /data/dydtkddhkdwk/20251107_NameCard/01_Background/output/aug_059.png | cards=4
2025-11-07 15:24:32.592 | INFO     | __main__:main:140 - [61/100] /data/dydtkddhkdwk/20251107_NameCard/01_Background/output/aug_060.png | cards=2
2025-11-07 15:24:32.706 | INFO     | __main__:main:140 - [62/100] /data/dydtkddhkdwk/20251107_NameCard/01_Background/output/aug_061.png | cards=4
2025-11-07 15:24:32.813 | INFO     | __main__:main:140 - [63/100] /data/dydtkddhkdwk/20251107_NameCard/01_Background/output/aug_062.png | cards=2
2025-11-07 15:24:32.943 | INFO     | __main__:main:140 - [64/100] /data/dydtkddhkdwk/20251107_NameCard/01_Background/output/aug_063.png | cards=2
2025-11-07 15:24:33.066 | INFO     | __main__:main:140 - [65/100] /data/dydtkddhkdwk/20251107_NameCard/01_Background/output/aug_064.png | cards=3
2025-11-07 15:24:33.183 | INFO     | __main__:main:140 - [66/100] /data/dydtkddhkdwk/20251107_NameCard/01_Background/output/aug_065.png | cards=4
2025-11-07 15:24:33.299 | INFO     | __main__:main:140 - [67/100] /data/dydtkddhkdwk/20251107_NameCard/01_Background/output/aug_066.png | cards=4
2025-11-07 15:24:33.419 | INFO     | __main__:main:140 - [68/100] /data/dydtkddhkdwk/20251107_NameCard/01_Background/output/aug_067.png | cards=2
2025-11-07 15:24:33.539 | INFO     | __main__:main:140 - [69/100] /data/dydtkddhkdwk/20251107_NameCard/01_Background/output/aug_068.png | cards=4
2025-11-07 15:24:33.654 | INFO     | __main__:main:140 - [70/100] /data/dydtkddhkdwk/20251107_NameCard/01_Background/output/aug_069.png | cards=2
2025-11-07 15:24:33.767 | INFO     | __main__:main:140 - [71/100] /data/dydtkddhkdwk/20251107_NameCard/01_Background/output/aug_070.png | cards=4
2025-11-07 15:24:33.864 | INFO     | __main__:main:140 - [72/100] /data/dydtkddhkdwk/20251107_NameCard/01_Background/output/aug_071.png | cards=3
2025-11-07 15:24:33.972 | INFO     | __main__:main:140 - [73/100] /data/dydtkddhkdwk/20251107_NameCard/01_Background/output/aug_072.png | cards=3
2025-11-07 15:24:34.070 | INFO     | __main__:main:140 - [74/100] /data/dydtkddhkdwk/20251107_NameCard/01_Background/output/aug_073.png | cards=2
2025-11-07 15:24:34.189 | INFO     | __main__:main:140 - [75/100] /data/dydtkddhkdwk/20251107_NameCard/01_Background/output/aug_074.png | cards=2
2025-11-07 15:24:34.310 | INFO     | __main__:main:140 - [76/100] /data/dydtkddhkdwk/20251107_NameCard/01_Background/output/aug_075.png | cards=4
2025-11-07 15:24:34.419 | INFO     | __main__:main:140 - [77/100] /data/dydtkddhkdwk/20251107_NameCard/01_Background/output/aug_076.png | cards=4
2025-11-07 15:24:34.509 | INFO     | __main__:main:140 - [78/100] /data/dydtkddhkdwk/20251107_NameCard/01_Background/output/aug_077.png | cards=3
2025-11-07 15:24:34.598 | INFO     | __main__:main:140 - [79/100] /data/dydtkddhkdwk/20251107_NameCard/01_Background/output/aug_078.png | cards=3
2025-11-07 15:24:34.719 | INFO     | __main__:main:140 - [80/100] /data/dydtkddhkdwk/20251107_NameCard/01_Background/output/aug_079.png | cards=3
2025-11-07 15:24:34.824 | INFO     | __main__:main:140 - [81/100] /data/dydtkddhkdwk/20251107_NameCard/01_Background/output/aug_080.png | cards=2
2025-11-07 15:24:34.944 | INFO     | __main__:main:140 - [82/100] /data/dydtkddhkdwk/20251107_NameCard/01_Background/output/aug_081.png | cards=3
2025-11-07 15:24:35.068 | INFO     | __main__:main:140 - [83/100] /data/dydtkddhkdwk/20251107_NameCard/01_Background/output/aug_082.png | cards=2
2025-11-07 15:24:35.162 | INFO     | __main__:main:140 - [84/100] /data/dydtkddhkdwk/20251107_NameCard/01_Background/output/aug_083.png | cards=3
2025-11-07 15:24:35.288 | INFO     | __main__:main:140 - [85/100] /data/dydtkddhkdwk/20251107_NameCard/01_Background/output/aug_084.png | cards=2
2025-11-07 15:24:35.404 | INFO     | __main__:main:140 - [86/100] /data/dydtkddhkdwk/20251107_NameCard/01_Background/output/aug_085.png | cards=2
2025-11-07 15:24:35.485 | INFO     | __main__:main:140 - [87/100] /data/dydtkddhkdwk/20251107_NameCard/01_Background/output/aug_086.png | cards=4
2025-11-07 15:24:35.592 | INFO     | __main__:main:140 - [88/100] /data/dydtkddhkdwk/20251107_NameCard/01_Background/output/aug_087.png | cards=2
2025-11-07 15:24:35.721 | INFO     | __main__:main:140 - [89/100] /data/dydtkddhkdwk/20251107_NameCard/01_Background/output/aug_088.png | cards=4
2025-11-07 15:24:35.840 | INFO     | __main__:main:140 - [90/100] /data/dydtkddhkdwk/20251107_NameCard/01_Background/output/aug_089.png | cards=2
2025-11-07 15:24:35.939 | INFO     | __main__:main:140 - [91/100] /data/dydtkddhkdwk/20251107_NameCard/01_Background/output/aug_090.png | cards=4
2025-11-07 15:24:36.026 | INFO     | __main__:main:140 - [92/100] /data/dydtkddhkdwk/20251107_NameCard/01_Background/output/aug_091.png | cards=2
2025-11-07 15:24:36.137 | INFO     | __main__:main:140 - [93/100] /data/dydtkddhkdwk/20251107_NameCard/01_Background/output/aug_092.png | cards=2
2025-11-07 15:24:36.242 | INFO     | __main__:main:140 - [94/100] /data/dydtkddhkdwk/20251107_NameCard/01_Background/output/aug_093.png | cards=4
2025-11-07 15:24:36.363 | INFO     | __main__:main:140 - [95/100] /data/dydtkddhkdwk/20251107_NameCard/01_Background/output/aug_094.png | cards=3
2025-11-07 15:24:36.483 | INFO     | __main__:main:140 - [96/100] /data/dydtkddhkdwk/20251107_NameCard/01_Background/output/aug_095.png | cards=2
2025-11-07 15:24:36.569 | INFO     | __main__:main:140 - [97/100] /data/dydtkddhkdwk/20251107_NameCard/01_Background/output/aug_096.png | cards=3
2025-11-07 15:24:36.681 | INFO     | __main__:main:140 - [98/100] /data/dydtkddhkdwk/20251107_NameCard/01_Background/output/aug_097.png | cards=4
2025-11-07 15:24:36.775 | INFO     | __main__:main:140 - [99/100] /data/dydtkddhkdwk/20251107_NameCard/01_Background/output/aug_098.png | cards=4
2025-11-07 15:24:36.896 | INFO     | __main__:main:140 - [100/100] /data/dydtkddhkdwk/20251107_NameCard/01_Background/output/aug_099.png | cards=3
2025-11-07 15:24:36.896 | INFO     | __main__:main:142 - ✅ All augmentations complete.
2025-11-07 15:28:08.045 | INFO     | __main__:main:123 - Loaded 4 cards and 49 backgrounds
2025-11-07 15:28:08.195 | INFO     | __main__:main:131 - [1/100] /data/dydtkddhkdwk/20251107_NameCard/01_Background/output/aug_000.png | cards=3
2025-11-07 15:28:08.324 | INFO     | __main__:main:131 - [2/100] /data/dydtkddhkdwk/20251107_NameCard/01_Background/output/aug_001.png | cards=2
2025-11-07 15:28:08.448 | INFO     | __main__:main:131 - [3/100] /data/dydtkddhkdwk/20251107_NameCard/01_Background/output/aug_002.png | cards=3
2025-11-07 15:28:08.569 | INFO     | __main__:main:131 - [4/100] /data/dydtkddhkdwk/20251107_NameCard/01_Background/output/aug_003.png | cards=2
2025-11-07 15:28:08.668 | INFO     | __main__:main:131 - [5/100] /data/dydtkddhkdwk/20251107_NameCard/01_Background/output/aug_004.png | cards=3
2025-11-07 15:28:08.787 | INFO     | __main__:main:131 - [6/100] /data/dydtkddhkdwk/20251107_NameCard/01_Background/output/aug_005.png | cards=3
2025-11-07 15:28:08.898 | INFO     | __main__:main:131 - [7/100] /data/dydtkddhkdwk/20251107_NameCard/01_Background/output/aug_006.png | cards=3
2025-11-07 15:28:09.015 | INFO     | __main__:main:131 - [8/100] /data/dydtkddhkdwk/20251107_NameCard/01_Background/output/aug_007.png | cards=4
2025-11-07 15:28:09.128 | INFO     | __main__:main:131 - [9/100] /data/dydtkddhkdwk/20251107_NameCard/01_Background/output/aug_008.png | cards=2
2025-11-07 15:28:09.234 | INFO     | __main__:main:131 - [10/100] /data/dydtkddhkdwk/20251107_NameCard/01_Background/output/aug_009.png | cards=2
2025-11-07 15:28:09.332 | INFO     | __main__:main:131 - [11/100] /data/dydtkddhkdwk/20251107_NameCard/01_Background/output/aug_010.png | cards=2
2025-11-07 15:28:09.431 | INFO     | __main__:main:131 - [12/100] /data/dydtkddhkdwk/20251107_NameCard/01_Background/output/aug_011.png | cards=4
2025-11-07 15:28:09.539 | INFO     | __main__:main:131 - [13/100] /data/dydtkddhkdwk/20251107_NameCard/01_Background/output/aug_012.png | cards=2
2025-11-07 15:28:09.657 | INFO     | __main__:main:131 - [14/100] /data/dydtkddhkdwk/20251107_NameCard/01_Background/output/aug_013.png | cards=4
2025-11-07 15:28:09.780 | INFO     | __main__:main:131 - [15/100] /data/dydtkddhkdwk/20251107_NameCard/01_Background/output/aug_014.png | cards=2
2025-11-07 15:28:09.896 | INFO     | __main__:main:131 - [16/100] /data/dydtkddhkdwk/20251107_NameCard/01_Background/output/aug_015.png | cards=3
2025-11-07 15:28:10.015 | INFO     | __main__:main:131 - [17/100] /data/dydtkddhkdwk/20251107_NameCard/01_Background/output/aug_016.png | cards=4
2025-11-07 15:28:10.131 | INFO     | __main__:main:131 - [18/100] /data/dydtkddhkdwk/20251107_NameCard/01_Background/output/aug_017.png | cards=3
2025-11-07 15:28:10.216 | INFO     | __main__:main:131 - [19/100] /data/dydtkddhkdwk/20251107_NameCard/01_Background/output/aug_018.png | cards=3
2025-11-07 15:28:10.331 | INFO     | __main__:main:131 - [20/100] /data/dydtkddhkdwk/20251107_NameCard/01_Background/output/aug_019.png | cards=2
2025-11-07 15:28:10.453 | INFO     | __main__:main:131 - [21/100] /data/dydtkddhkdwk/20251107_NameCard/01_Background/output/aug_020.png | cards=3
2025-11-07 15:28:10.584 | INFO     | __main__:main:131 - [22/100] /data/dydtkddhkdwk/20251107_NameCard/01_Background/output/aug_021.png | cards=2
2025-11-07 15:28:10.705 | INFO     | __main__:main:131 - [23/100] /data/dydtkddhkdwk/20251107_NameCard/01_Background/output/aug_022.png | cards=3
2025-11-07 15:28:10.795 | INFO     | __main__:main:131 - [24/100] /data/dydtkddhkdwk/20251107_NameCard/01_Background/output/aug_023.png | cards=3
2025-11-07 15:28:10.912 | INFO     | __main__:main:131 - [25/100] /data/dydtkddhkdwk/20251107_NameCard/01_Background/output/aug_024.png | cards=4
2025-11-07 15:28:11.036 | INFO     | __main__:main:131 - [26/100] /data/dydtkddhkdwk/20251107_NameCard/01_Background/output/aug_025.png | cards=3
2025-11-07 15:28:11.143 | INFO     | __main__:main:131 - [27/100] /data/dydtkddhkdwk/20251107_NameCard/01_Background/output/aug_026.png | cards=2
2025-11-07 15:28:11.251 | INFO     | __main__:main:131 - [28/100] /data/dydtkddhkdwk/20251107_NameCard/01_Background/output/aug_027.png | cards=4
2025-11-07 15:28:11.364 | INFO     | __main__:main:131 - [29/100] /data/dydtkddhkdwk/20251107_NameCard/01_Background/output/aug_028.png | cards=4
2025-11-07 15:28:11.474 | INFO     | __main__:main:131 - [30/100] /data/dydtkddhkdwk/20251107_NameCard/01_Background/output/aug_029.png | cards=4
2025-11-07 15:28:11.576 | INFO     | __main__:main:131 - [31/100] /data/dydtkddhkdwk/20251107_NameCard/01_Background/output/aug_030.png | cards=3
2025-11-07 15:28:11.688 | INFO     | __main__:main:131 - [32/100] /data/dydtkddhkdwk/20251107_NameCard/01_Background/output/aug_031.png | cards=4
2025-11-07 15:28:11.799 | INFO     | __main__:main:131 - [33/100] /data/dydtkddhkdwk/20251107_NameCard/01_Background/output/aug_032.png | cards=2
2025-11-07 15:28:11.886 | INFO     | __main__:main:131 - [34/100] /data/dydtkddhkdwk/20251107_NameCard/01_Background/output/aug_033.png | cards=2
2025-11-07 15:28:11.999 | INFO     | __main__:main:131 - [35/100] /data/dydtkddhkdwk/20251107_NameCard/01_Background/output/aug_034.png | cards=3
2025-11-07 15:28:12.116 | INFO     | __main__:main:131 - [36/100] /data/dydtkddhkdwk/20251107_NameCard/01_Background/output/aug_035.png | cards=2
2025-11-07 15:28:12.231 | INFO     | __main__:main:131 - [37/100] /data/dydtkddhkdwk/20251107_NameCard/01_Background/output/aug_036.png | cards=4
2025-11-07 15:28:12.347 | INFO     | __main__:main:131 - [38/100] /data/dydtkddhkdwk/20251107_NameCard/01_Background/output/aug_037.png | cards=3
2025-11-07 15:28:12.467 | INFO     | __main__:main:131 - [39/100] /data/dydtkddhkdwk/20251107_NameCard/01_Background/output/aug_038.png | cards=2
2025-11-07 15:28:12.587 | INFO     | __main__:main:131 - [40/100] /data/dydtkddhkdwk/20251107_NameCard/01_Background/output/aug_039.png | cards=2
2025-11-07 15:28:12.698 | INFO     | __main__:main:131 - [41/100] /data/dydtkddhkdwk/20251107_NameCard/01_Background/output/aug_040.png | cards=4
2025-11-07 15:28:12.820 | INFO     | __main__:main:131 - [42/100] /data/dydtkddhkdwk/20251107_NameCard/01_Background/output/aug_041.png | cards=2
2025-11-07 15:28:12.932 | INFO     | __main__:main:131 - [43/100] /data/dydtkddhkdwk/20251107_NameCard/01_Background/output/aug_042.png | cards=3
2025-11-07 15:28:13.056 | INFO     | __main__:main:131 - [44/100] /data/dydtkddhkdwk/20251107_NameCard/01_Background/output/aug_043.png | cards=4
2025-11-07 15:28:13.160 | INFO     | __main__:main:131 - [45/100] /data/dydtkddhkdwk/20251107_NameCard/01_Background/output/aug_044.png | cards=3
2025-11-07 15:28:13.241 | INFO     | __main__:main:131 - [46/100] /data/dydtkddhkdwk/20251107_NameCard/01_Background/output/aug_045.png | cards=2
2025-11-07 15:28:13.361 | INFO     | __main__:main:131 - [47/100] /data/dydtkddhkdwk/20251107_NameCard/01_Background/output/aug_046.png | cards=2
2025-11-07 15:28:13.444 | INFO     | __main__:main:131 - [48/100] /data/dydtkddhkdwk/20251107_NameCard/01_Background/output/aug_047.png | cards=2
2025-11-07 15:28:13.530 | INFO     | __main__:main:131 - [49/100] /data/dydtkddhkdwk/20251107_NameCard/01_Background/output/aug_048.png | cards=2
2025-11-07 15:28:13.647 | INFO     | __main__:main:131 - [50/100] /data/dydtkddhkdwk/20251107_NameCard/01_Background/output/aug_049.png | cards=3
2025-11-07 15:28:13.751 | INFO     | __main__:main:131 - [51/100] /data/dydtkddhkdwk/20251107_NameCard/01_Background/output/aug_050.png | cards=2
2025-11-07 15:28:13.866 | INFO     | __main__:main:131 - [52/100] /data/dydtkddhkdwk/20251107_NameCard/01_Background/output/aug_051.png | cards=3
2025-11-07 15:28:13.952 | INFO     | __main__:main:131 - [53/100] /data/dydtkddhkdwk/20251107_NameCard/01_Background/output/aug_052.png | cards=3
2025-11-07 15:28:14.082 | INFO     | __main__:main:131 - [54/100] /data/dydtkddhkdwk/20251107_NameCard/01_Background/output/aug_053.png | cards=2
2025-11-07 15:28:14.200 | INFO     | __main__:main:131 - [55/100] /data/dydtkddhkdwk/20251107_NameCard/01_Background/output/aug_054.png | cards=2
2025-11-07 15:28:14.309 | INFO     | __main__:main:131 - [56/100] /data/dydtkddhkdwk/20251107_NameCard/01_Background/output/aug_055.png | cards=3
2025-11-07 15:28:14.422 | INFO     | __main__:main:131 - [57/100] /data/dydtkddhkdwk/20251107_NameCard/01_Background/output/aug_056.png | cards=2
2025-11-07 15:28:14.535 | INFO     | __main__:main:131 - [58/100] /data/dydtkddhkdwk/20251107_NameCard/01_Background/output/aug_057.png | cards=2
2025-11-07 15:28:14.653 | INFO     | __main__:main:131 - [59/100] /data/dydtkddhkdwk/20251107_NameCard/01_Background/output/aug_058.png | cards=4
2025-11-07 15:28:14.762 | INFO     | __main__:main:131 - [60/100] /data/dydtkddhkdwk/20251107_NameCard/01_Background/output/aug_059.png | cards=2
2025-11-07 15:28:14.879 | INFO     | __main__:main:131 - [61/100] /data/dydtkddhkdwk/20251107_NameCard/01_Background/output/aug_060.png | cards=3
2025-11-07 15:28:14.977 | INFO     | __main__:main:131 - [62/100] /data/dydtkddhkdwk/20251107_NameCard/01_Background/output/aug_061.png | cards=2
2025-11-07 15:28:15.076 | INFO     | __main__:main:131 - [63/100] /data/dydtkddhkdwk/20251107_NameCard/01_Background/output/aug_062.png | cards=4
2025-11-07 15:28:15.169 | INFO     | __main__:main:131 - [64/100] /data/dydtkddhkdwk/20251107_NameCard/01_Background/output/aug_063.png | cards=2
2025-11-07 15:28:15.274 | INFO     | __main__:main:131 - [65/100] /data/dydtkddhkdwk/20251107_NameCard/01_Background/output/aug_064.png | cards=2
2025-11-07 15:28:15.355 | INFO     | __main__:main:131 - [66/100] /data/dydtkddhkdwk/20251107_NameCard/01_Background/output/aug_065.png | cards=3
2025-11-07 15:28:15.445 | INFO     | __main__:main:131 - [67/100] /data/dydtkddhkdwk/20251107_NameCard/01_Background/output/aug_066.png | cards=4
2025-11-07 15:28:15.554 | INFO     | __main__:main:131 - [68/100] /data/dydtkddhkdwk/20251107_NameCard/01_Background/output/aug_067.png | cards=3
2025-11-07 15:28:15.642 | INFO     | __main__:main:131 - [69/100] /data/dydtkddhkdwk/20251107_NameCard/01_Background/output/aug_068.png | cards=4
2025-11-07 15:28:15.761 | INFO     | __main__:main:131 - [70/100] /data/dydtkddhkdwk/20251107_NameCard/01_Background/output/aug_069.png | cards=3
2025-11-07 15:28:15.851 | INFO     | __main__:main:131 - [71/100] /data/dydtkddhkdwk/20251107_NameCard/01_Background/output/aug_070.png | cards=3
2025-11-07 15:28:15.947 | INFO     | __main__:main:131 - [72/100] /data/dydtkddhkdwk/20251107_NameCard/01_Background/output/aug_071.png | cards=2
2025-11-07 15:28:16.049 | INFO     | __main__:main:131 - [73/100] /data/dydtkddhkdwk/20251107_NameCard/01_Background/output/aug_072.png | cards=4
2025-11-07 15:28:16.162 | INFO     | __main__:main:131 - [74/100] /data/dydtkddhkdwk/20251107_NameCard/01_Background/output/aug_073.png | cards=3
2025-11-07 15:28:16.286 | INFO     | __main__:main:131 - [75/100] /data/dydtkddhkdwk/20251107_NameCard/01_Background/output/aug_074.png | cards=3
2025-11-07 15:28:16.389 | INFO     | __main__:main:131 - [76/100] /data/dydtkddhkdwk/20251107_NameCard/01_Background/output/aug_075.png | cards=2
2025-11-07 15:28:16.504 | INFO     | __main__:main:131 - [77/100] /data/dydtkddhkdwk/20251107_NameCard/01_Background/output/aug_076.png | cards=3
2025-11-07 15:28:16.606 | INFO     | __main__:main:131 - [78/100] /data/dydtkddhkdwk/20251107_NameCard/01_Background/output/aug_077.png | cards=2
2025-11-07 15:28:16.728 | INFO     | __main__:main:131 - [79/100] /data/dydtkddhkdwk/20251107_NameCard/01_Background/output/aug_078.png | cards=2
2025-11-07 15:28:16.838 | INFO     | __main__:main:131 - [80/100] /data/dydtkddhkdwk/20251107_NameCard/01_Background/output/aug_079.png | cards=3
2025-11-07 15:28:16.952 | INFO     | __main__:main:131 - [81/100] /data/dydtkddhkdwk/20251107_NameCard/01_Background/output/aug_080.png | cards=3
2025-11-07 15:28:17.072 | INFO     | __main__:main:131 - [82/100] /data/dydtkddhkdwk/20251107_NameCard/01_Background/output/aug_081.png | cards=2
2025-11-07 15:28:17.192 | INFO     | __main__:main:131 - [83/100] /data/dydtkddhkdwk/20251107_NameCard/01_Background/output/aug_082.png | cards=2
2025-11-07 15:28:17.314 | INFO     | __main__:main:131 - [84/100] /data/dydtkddhkdwk/20251107_NameCard/01_Background/output/aug_083.png | cards=4
2025-11-07 15:28:17.400 | INFO     | __main__:main:131 - [85/100] /data/dydtkddhkdwk/20251107_NameCard/01_Background/output/aug_084.png | cards=4
2025-11-07 15:28:17.521 | INFO     | __main__:main:131 - [86/100] /data/dydtkddhkdwk/20251107_NameCard/01_Background/output/aug_085.png | cards=3
2025-11-07 15:28:17.637 | INFO     | __main__:main:131 - [87/100] /data/dydtkddhkdwk/20251107_NameCard/01_Background/output/aug_086.png | cards=2
2025-11-07 15:28:17.757 | INFO     | __main__:main:131 - [88/100] /data/dydtkddhkdwk/20251107_NameCard/01_Background/output/aug_087.png | cards=2
2025-11-07 15:28:17.878 | INFO     | __main__:main:131 - [89/100] /data/dydtkddhkdwk/20251107_NameCard/01_Background/output/aug_088.png | cards=2
2025-11-07 15:28:17.999 | INFO     | __main__:main:131 - [90/100] /data/dydtkddhkdwk/20251107_NameCard/01_Background/output/aug_089.png | cards=3
2025-11-07 15:28:18.116 | INFO     | __main__:main:131 - [91/100] /data/dydtkddhkdwk/20251107_NameCard/01_Background/output/aug_090.png | cards=4
2025-11-07 15:28:18.221 | INFO     | __main__:main:131 - [92/100] /data/dydtkddhkdwk/20251107_NameCard/01_Background/output/aug_091.png | cards=3
2025-11-07 15:28:18.305 | INFO     | __main__:main:131 - [93/100] /data/dydtkddhkdwk/20251107_NameCard/01_Background/output/aug_092.png | cards=2
2025-11-07 15:28:18.391 | INFO     | __main__:main:131 - [94/100] /data/dydtkddhkdwk/20251107_NameCard/01_Background/output/aug_093.png | cards=3
2025-11-07 15:28:18.502 | INFO     | __main__:main:131 - [95/100] /data/dydtkddhkdwk/20251107_NameCard/01_Background/output/aug_094.png | cards=2
2025-11-07 15:28:18.593 | INFO     | __main__:main:131 - [96/100] /data/dydtkddhkdwk/20251107_NameCard/01_Background/output/aug_095.png | cards=2
2025-11-07 15:28:18.737 | INFO     | __main__:main:131 - [97/100] /data/dydtkddhkdwk/20251107_NameCard/01_Background/output/aug_096.png | cards=3
2025-11-07 15:28:18.857 | INFO     | __main__:main:131 - [98/100] /data/dydtkddhkdwk/20251107_NameCard/01_Background/output/aug_097.png | cards=3
2025-11-07 15:28:18.976 | INFO     | __main__:main:131 - [99/100] /data/dydtkddhkdwk/20251107_NameCard/01_Background/output/aug_098.png | cards=3
2025-11-07 15:28:19.080 | INFO     | __main__:main:131 - [100/100] /data/dydtkddhkdwk/20251107_NameCard/01_Background/output/aug_099.png | cards=4
2025-11-07 15:28:19.081 | INFO     | __main__:main:133 - ✅ All augmentations complete.
