Fri 07 Nov 2025 02:53:54 PM KST
Working Directory: /data/dydtkddhkdwk/20251107_NameCard/01_Background
Fri Nov  7 14:53:54 2025       
+---------------------------------------------------------------------------------------+
| NVIDIA-SMI 535.161.07             Driver Version: 535.161.07   CUDA Version: 12.2     |
|-----------------------------------------+----------------------+----------------------+
| GPU  Name                 Persistence-M | Bus-Id        Disp.A | Volatile Uncorr. ECC |
| Fan  Temp   Perf          Pwr:Usage/Cap |         Memory-Usage | GPU-Util  Compute M. |
|                                         |                      |               MIG M. |
|=========================================+======================+======================|
|   0  NVIDIA GeForce RTX 3090        On  | 00000000:43:00.0 Off |                  N/A |
| 62%   30C    P8              28W / 350W |      1MiB / 24576MiB |      0%      Default |
|                                         |                      |                  N/A |
+-----------------------------------------+----------------------+----------------------+
                                                                                         
+---------------------------------------------------------------------------------------+
| Processes:                                                                            |
|  GPU   GI   CI        PID   Type   Process name                            GPU Memory |
|        ID   ID                                                             Usage      |
|=======================================================================================|
|  No running processes found                                                           |
+---------------------------------------------------------------------------------------+
/data/dydtkddhkdwk/20251107_NameCard/01_Background/engine.py:30: UserWarning: Argument(s) 'value' are not valid for transform Rotate
  A.Rotate(limit=25, border_mode=cv2.BORDER_CONSTANT, value=(255,255,255), p=0.9),
Traceback (most recent call last):
  File "/data/dydtkddhkdwk/20251107_NameCard/01_Background/engine.py", line 95, in <module>
    main(num_images=100)
  File "/data/dydtkddhkdwk/20251107_NameCard/01_Background/engine.py", line 76, in main
    cards = load_images_from_folder(CARD_DIR)
  File "/data/dydtkddhkdwk/20251107_NameCard/01_Background/engine.py", line 39, in load_images_from_folder
    for fn in sorted(os.listdir(folder)):
FileNotFoundError: [Errno 2] No such file or directory: '/data/dydtkddhkdwk/20251107_NameCard/01_Background/00_NameCard'
=== Job Completed ===
Fri 07 Nov 2025 02:53:58 PM KST
