2025-11-07 16:08:28.487 | INFO     | __main__:main:101 - Found 100 images in /data/dydtkddhkdwk/20251107_NameCard/01_Background/output
🔍 YOLOv8-Seg Detection:   0%|          | 0/100 [00:00<?, ?it/s]2025-11-07 16:08:31.418 | WARNING  | __main__:save_segments:46 - [aug_000] No objects detected.
🔍 YOLOv8-Seg Detection:   1%|          | 1/100 [00:02<04:49,  2.93s/it]2025-11-07 16:08:34.393 | INFO     | __main__:save_segments:95 - [aug_001] Detected 1 card-like objects.
🔍 YOLOv8-Seg Detection:   2%|▏         | 2/100 [00:05<04:49,  2.96s/it]2025-11-07 16:08:37.171 | INFO     | __main__:save_segments:95 - [aug_002] Detected 1 card-like objects.
🔍 YOLOv8-Seg Detection:   3%|▎         | 3/100 [00:08<04:38,  2.87s/it]2025-11-07 16:08:39.832 | INFO     | __main__:save_segments:95 - [aug_003] Detected 2 card-like objects.
🔍 YOLOv8-Seg Detection:   4%|▍         | 4/100 [00:11<04:27,  2.79s/it]2025-11-07 16:08:42.472 | INFO     | __main__:save_segments:95 - [aug_004] Detected 2 card-like objects.
🔍 YOLOv8-Seg Detection:   5%|▌         | 5/100 [00:13<04:19,  2.74s/it]2025-11-07 16:08:45.162 | INFO     | __main__:save_segments:95 - [aug_005] Detected 3 card-like objects.
🔍 YOLOv8-Seg Detection:   6%|▌         | 6/100 [00:16<04:15,  2.72s/it]2025-11-07 16:08:47.788 | INFO     | __main__:save_segments:95 - [aug_006] Detected 1 card-like objects.
🔍 YOLOv8-Seg Detection:   7%|▋         | 7/100 [00:19<04:10,  2.69s/it]2025-11-07 16:08:50.414 | INFO     | __main__:save_segments:95 - [aug_007] Detected 1 card-like objects.
🔍 YOLOv8-Seg Detection:   8%|▊         | 8/100 [00:21<04:05,  2.67s/it]2025-11-07 16:08:52.921 | WARNING  | __main__:save_segments:46 - [aug_008] No objects detected.
🔍 YOLOv8-Seg Detection:   9%|▉         | 9/100 [00:24<03:58,  2.62s/it]2025-11-07 16:08:55.565 | INFO     | __main__:save_segments:95 - [aug_009] Detected 1 card-like objects.
🔍 YOLOv8-Seg Detection:  10%|█         | 10/100 [00:27<03:56,  2.63s/it]2025-11-07 16:08:58.209 | INFO     | __main__:save_segments:95 - [aug_010] Detected 2 card-like objects.
🔍 YOLOv8-Seg Detection:  11%|█         | 11/100 [00:29<03:54,  2.63s/it]2025-11-07 16:09:00.825 | INFO     | __main__:save_segments:95 - [aug_011] Detected 2 card-like objects.
🔍 YOLOv8-Seg Detection:  12%|█▏        | 12/100 [00:32<03:51,  2.63s/it]2025-11-07 16:09:03.469 | INFO     | __main__:save_segments:95 - [aug_012] Detected 1 card-like objects.
🔍 YOLOv8-Seg Detection:  13%|█▎        | 13/100 [00:34<03:48,  2.63s/it]2025-11-07 16:09:06.120 | INFO     | __main__:save_segments:95 - [aug_013] Detected 2 card-like objects.
🔍 YOLOv8-Seg Detection:  14%|█▍        | 14/100 [00:37<03:46,  2.64s/it]2025-11-07 16:09:08.637 | WARNING  | __main__:save_segments:46 - [aug_014] No objects detected.
🔍 YOLOv8-Seg Detection:  15%|█▌        | 15/100 [00:40<03:41,  2.60s/it]2025-11-07 16:09:11.302 | INFO     | __main__:save_segments:95 - [aug_015] Detected 2 card-like objects.
🔍 YOLOv8-Seg Detection:  16%|█▌        | 16/100 [00:42<03:40,  2.62s/it]2025-11-07 16:09:13.979 | INFO     | __main__:save_segments:95 - [aug_016] Detected 1 card-like objects.
🔍 YOLOv8-Seg Detection:  17%|█▋        | 17/100 [00:45<03:38,  2.64s/it]2025-11-07 16:09:16.492 | WARNING  | __main__:save_segments:46 - [aug_017] No objects detected.
🔍 YOLOv8-Seg Detection:  18%|█▊        | 18/100 [00:48<03:33,  2.60s/it]